Archive member included to satisfy reference by file (symbol)

c:/program files (x86)/atmel/studio/7.0/toolchain/arm/arm-gnu-toolchain/bin/../lib/gcc/arm-none-eabi/6.3.1/../../../../arm-none-eabi/lib/thumb/v6-m\libc_nano.a(lib_a-exit.o)
                              c:/program files (x86)/atmel/studio/7.0/toolchain/arm/arm-gnu-toolchain/bin/../lib/gcc/arm-none-eabi/6.3.1/../../../../arm-none-eabi/lib/thumb/v6-m/crt0.o (exit)
c:/program files (x86)/atmel/studio/7.0/toolchain/arm/arm-gnu-toolchain/bin/../lib/gcc/arm-none-eabi/6.3.1/../../../../arm-none-eabi/lib/thumb/v6-m\libc_nano.a(lib_a-impure.o)
                              c:/program files (x86)/atmel/studio/7.0/toolchain/arm/arm-gnu-toolchain/bin/../lib/gcc/arm-none-eabi/6.3.1/../../../../arm-none-eabi/lib/thumb/v6-m\libc_nano.a(lib_a-exit.o) (_global_impure_ptr)
c:/program files (x86)/atmel/studio/7.0/toolchain/arm/arm-gnu-toolchain/bin/../lib/gcc/arm-none-eabi/6.3.1/../../../../arm-none-eabi/lib/thumb/v6-m\libc_nano.a(lib_a-init.o)
                              c:/program files (x86)/atmel/studio/7.0/toolchain/arm/arm-gnu-toolchain/bin/../lib/gcc/arm-none-eabi/6.3.1/../../../../arm-none-eabi/lib/thumb/v6-m/crt0.o (__libc_init_array)
c:/program files (x86)/atmel/studio/7.0/toolchain/arm/arm-gnu-toolchain/bin/../lib/gcc/arm-none-eabi/6.3.1/../../../../arm-none-eabi/lib/thumb/v6-m\libc_nano.a(lib_a-memcpy-stub.o)
                              peripherals/dv_spi.o (memcpy)
c:/program files (x86)/atmel/studio/7.0/toolchain/arm/arm-gnu-toolchain/bin/../lib/gcc/arm-none-eabi/6.3.1/../../../../arm-none-eabi/lib/thumb/v6-m\libc_nano.a(lib_a-memset.o)
                              c:/program files (x86)/atmel/studio/7.0/toolchain/arm/arm-gnu-toolchain/bin/../lib/gcc/arm-none-eabi/6.3.1/../../../../arm-none-eabi/lib/thumb/v6-m/crt0.o (memset)
c:/program files (x86)/atmel/studio/7.0/toolchain/arm/arm-gnu-toolchain/bin/../lib/gcc/arm-none-eabi/6.3.1/../../../../arm-none-eabi/lib/thumb/v6-m\libc_nano.a(lib_a-nano-vfprintf_float.o)
                              (_printf_float)
c:/program files (x86)/atmel/studio/7.0/toolchain/arm/arm-gnu-toolchain/bin/../lib/gcc/arm-none-eabi/6.3.1/../../../../arm-none-eabi/lib/thumb/v6-m\libc_nano.a(lib_a-nano-vfprintf_i.o)
                              c:/program files (x86)/atmel/studio/7.0/toolchain/arm/arm-gnu-toolchain/bin/../lib/gcc/arm-none-eabi/6.3.1/../../../../arm-none-eabi/lib/thumb/v6-m\libc_nano.a(lib_a-nano-vfprintf_float.o) (_printf_common)
c:/program files (x86)/atmel/studio/7.0/toolchain/arm/arm-gnu-toolchain/bin/../lib/gcc/arm-none-eabi/6.3.1/../../../../arm-none-eabi/lib/thumb/v6-m\libc_nano.a(lib_a-printf.o)
                              hal/utils/src/utils_syscalls.o (printf)
c:/program files (x86)/atmel/studio/7.0/toolchain/arm/arm-gnu-toolchain/bin/../lib/gcc/arm-none-eabi/6.3.1/../../../../arm-none-eabi/lib/thumb/v6-m\libc_nano.a(lib_a-puts.o)
                              main.o (puts)
c:/program files (x86)/atmel/studio/7.0/toolchain/arm/arm-gnu-toolchain/bin/../lib/gcc/arm-none-eabi/6.3.1/../../../../arm-none-eabi/lib/thumb/v6-m\libc_nano.a(lib_a-setbuf.o)
                              stdio_redirect/stdio_io.o (setbuf)
c:/program files (x86)/atmel/studio/7.0/toolchain/arm/arm-gnu-toolchain/bin/../lib/gcc/arm-none-eabi/6.3.1/../../../../arm-none-eabi/lib/thumb/v6-m\libc_nano.a(lib_a-setvbuf.o)
                              c:/program files (x86)/atmel/studio/7.0/toolchain/arm/arm-gnu-toolchain/bin/../lib/gcc/arm-none-eabi/6.3.1/../../../../arm-none-eabi/lib/thumb/v6-m\libc_nano.a(lib_a-setbuf.o) (setvbuf)
c:/program files (x86)/atmel/studio/7.0/toolchain/arm/arm-gnu-toolchain/bin/../lib/gcc/arm-none-eabi/6.3.1/../../../../arm-none-eabi/lib/thumb/v6-m\libc_nano.a(lib_a-strlen.o)
                              c:/program files (x86)/atmel/studio/7.0/toolchain/arm/arm-gnu-toolchain/bin/../lib/gcc/arm-none-eabi/6.3.1/../../../../arm-none-eabi/lib/thumb/v6-m\libc_nano.a(lib_a-nano-vfprintf_float.o) (strlen)
c:/program files (x86)/atmel/studio/7.0/toolchain/arm/arm-gnu-toolchain/bin/../lib/gcc/arm-none-eabi/6.3.1/../../../../arm-none-eabi/lib/thumb/v6-m\libc_nano.a(lib_a-wbuf.o)
                              c:/program files (x86)/atmel/studio/7.0/toolchain/arm/arm-gnu-toolchain/bin/../lib/gcc/arm-none-eabi/6.3.1/../../../../arm-none-eabi/lib/thumb/v6-m\libc_nano.a(lib_a-puts.o) (__swbuf_r)
c:/program files (x86)/atmel/studio/7.0/toolchain/arm/arm-gnu-toolchain/bin/../lib/gcc/arm-none-eabi/6.3.1/../../../../arm-none-eabi/lib/thumb/v6-m\libc_nano.a(lib_a-wsetup.o)
                              c:/program files (x86)/atmel/studio/7.0/toolchain/arm/arm-gnu-toolchain/bin/../lib/gcc/arm-none-eabi/6.3.1/../../../../arm-none-eabi/lib/thumb/v6-m\libc_nano.a(lib_a-puts.o) (__swsetup_r)
c:/program files (x86)/atmel/studio/7.0/toolchain/arm/arm-gnu-toolchain/bin/../lib/gcc/arm-none-eabi/6.3.1/../../../../arm-none-eabi/lib/thumb/v6-m\libc_nano.a(lib_a-dtoa.o)
[...]
Memory Configuration

Name             Origin             Length             Attributes
rom              0x00000000         0x00020000         xr
ram              0x20000000         0x00004000         xrw
*default*        0x00000000         0xffffffff

Linker script and memory map

LOAD c:/program files (x86)/atmel/studio/7.0/toolchain/arm/arm-gnu-toolchain/bin/../lib/gcc/arm-none-eabi/6.3.1/thumb/v6-m/crti.o
LOAD c:/program files (x86)/atmel/studio/7.0/toolchain/arm/arm-gnu-toolchain/bin/../lib/gcc/arm-none-eabi/6.3.1/thumb/v6-m/crtbegin.o
LOAD c:/program files (x86)/atmel/studio/7.0/toolchain/arm/arm-gnu-toolchain/bin/../lib/gcc/arm-none-eabi/6.3.1/../../../../arm-none-eabi/lib/thumb/v6-m/crt0.o
LOAD atmel_start.o
LOAD Device_Startup/startup_samd21.o
LOAD Device_Startup/system_samd21.o
LOAD driver_init.o
LOAD examples/driver_examples.o
LOAD hal/src/hal_adc_async.o
LOAD hal/src/hal_atomic.o
LOAD hal/src/hal_delay.o
LOAD hal/src/hal_gpio.o
LOAD hal/src/hal_i2c_m_sync.o
LOAD hal/src/hal_init.o
LOAD hal/src/hal_io.o
LOAD hal/src/hal_sleep.o
LOAD hal/src/hal_spi_s_async.o
LOAD hal/src/hal_timer.o
LOAD hal/src/hal_usart_sync.o
LOAD hal/utils/src/utils_assert.o
LOAD hal/utils/src/utils_event.o
LOAD hal/utils/src/utils_list.o
LOAD hal/utils/src/utils_ringbuffer.o
LOAD hal/utils/src/utils_syscalls.o
LOAD hpl/adc/hpl_adc.o
LOAD hpl/core/hpl_core_m0plus_base.o
LOAD hpl/core/hpl_init.o
LOAD hpl/dmac/hpl_dmac.o
LOAD hpl/gclk/hpl_gclk.o
LOAD hpl/pm/hpl_pm.o
LOAD hpl/sercom/hpl_sercom.o
LOAD hpl/sysctrl/hpl_sysctrl.o
LOAD hpl/tc/hpl_tc.o
LOAD main.o
LOAD peripherals/dv_adc.o
LOAD peripherals/dv_i2c.o
LOAD peripherals/dv_spi.o
LOAD peripherals/dv_timer.o
LOAD stdio_redirect/gcc/read.o
LOAD stdio_redirect/gcc/write.o
LOAD stdio_redirect/stdio_io.o
LOAD stdio_start.o
START GROUP
LOAD c:/program files (x86)/atmel/studio/7.0/toolchain/arm/arm-gnu-toolchain/bin/../lib/gcc/arm-none-eabi/6.3.1/../../../../arm-none-eabi/lib/thumb/v6-m\libm.a
END GROUP
LOAD c:/program files (x86)/atmel/studio/7.0/toolchain/arm/arm-gnu-toolchain/bin/../lib/gcc/arm-none-eabi/6.3.1/../../../../arm-none-eabi/lib/thumb/v6-m\libc_nano.a
START GROUP
LOAD c:/program files (x86)/atmel/studio/7.0/toolchain/arm/arm-gnu-toolchain/bin/../lib/gcc/arm-none-eabi/6.3.1/thumb/v6-m\libgcc.a
LOAD c:/program files (x86)/atmel/studio/7.0/toolchain/arm/arm-gnu-toolchain/bin/../lib/gcc/arm-none-eabi/6.3.1/../../../../arm-none-eabi/lib/thumb/v6-m\libc_nano.a
END GROUP
START GROUP
LOAD c:/program files (x86)/atmel/studio/7.0/toolchain/arm/arm-gnu-toolchain/bin/../lib/gcc/arm-none-eabi/6.3.1/thumb/v6-m\libgcc.a
LOAD c:/program files (x86)/atmel/studio/7.0/toolchain/arm/arm-gnu-toolchain/bin/../lib/gcc/arm-none-eabi/6.3.1/../../../../arm-none-eabi/lib/thumb/v6-m\libc_nano.a
END GROUP
LOAD c:/program files (x86)/atmel/studio/7.0/toolchain/arm/arm-gnu-toolchain/bin/../lib/gcc/arm-none-eabi/6.3.1/thumb/v6-m/crtend.o
LOAD c:/program files (x86)/atmel/studio/7.0/toolchain/arm/arm-gnu-toolchain/bin/../lib/gcc/arm-none-eabi/6.3.1/thumb/v6-m/crtn.o
                0x00001000                STACK_SIZE = DEFINED (STACK_SIZE)?STACK_SIZE:DEFINED (__stack_size__)?__stack_size__:0x1000

.text           0x00000000     0x8008
                0x00000000                . = ALIGN (0x4)
                0x00000000                _sfixed = .
 *(.vectors .vectors.*)
 .vectors       0x00000000       0xb8 Device_Startup/startup_samd21.o
                0x00000000                exception_table
 *(.text .text.* .gnu.linkonce.t.*)
 .text          0x000000b8       0x60 c:/program files (x86)/atmel/studio/7.0/toolchain/arm/arm-gnu-toolchain/bin/../lib/gcc/arm-none-eabi/6.3.1/thumb/v6-m/crtbegin.o
 .text.atmel_start_init
                0x00000118       0x14 atmel_start.o
                0x00000118                atmel_start_init
 .text.Dummy_Handler
                0x0000012c        0x2 Device_Startup/startup_samd21.o
                0x0000012c                SVCall_Handler
                0x0000012c                DMAC_Handler
                0x0000012c                HardFault_Handler
                0x0000012c                AC_Handler
                0x0000012c                SysTick_Handler
                0x0000012c                PendSV_Handler
                0x0000012c                TC7_Handler
                0x0000012c                SERCOM1_Handler
                0x0000012c                NonMaskableInt_Handler
                0x0000012c                TCC1_Handler
                0x0000012c                SERCOM2_Handler
                0x0000012c                TCC0_Handler
                0x0000012c                RTC_Handler
                0x0000012c                EIC_Handler
                0x0000012c                TC6_Handler
                0x0000012c                WDT_Handler
                0x0000012c                TC4_Handler
                0x0000012c                Dummy_Handler
                0x0000012c                AC1_Handler
                0x0000012c                PM_Handler
                0x0000012c                SERCOM5_Handler
                0x0000012c                TCC3_Handler
                0x0000012c                TCC2_Handler
                0x0000012c                EVSYS_Handler
                0x0000012c                SERCOM3_Handler
                0x0000012c                NVMCTRL_Handler
                0x0000012c                SERCOM0_Handler
                0x0000012c                DAC_Handler
                0x0000012c                TC5_Handler
                0x0000012c                SYSCTRL_Handler
 *fill*         0x0000012e        0x2 
 .text.Reset_Handler
                0x00000130       0xd0 Device_Startup/startup_samd21.o
                0x00000130                Reset_Handler
 .text.ADC_0_init
                0x00000200       0xf4 driver_init.o
                0x00000200                ADC_0_init
 .text.I2C_0_PORT_init
                0x000002f4       0x50 driver_init.o
                0x000002f4                I2C_0_PORT_init
 .text.I2C_0_CLOCK_init
                0x00000344       0x28 driver_init.o
                0x00000344                I2C_0_CLOCK_init
 .text.I2C_0_init
                0x0000036c       0x28 driver_init.o
                0x0000036c                I2C_0_init
 .text.I2C_1_PORT_init
                0x00000394       0x50 driver_init.o
                0x00000394                I2C_1_PORT_init
 .text.I2C_1_CLOCK_init
                0x000003e4       0x28 driver_init.o
                0x000003e4                I2C_1_CLOCK_init
 .text.I2C_1_init
                0x0000040c       0x28 driver_init.o
                0x0000040c                I2C_1_init
 .text.I2C_2_PORT_init
                0x00000434       0x50 driver_init.o
                0x00000434                I2C_2_PORT_init
 .text.I2C_2_CLOCK_init
                0x00000484       0x28 driver_init.o
                0x00000484                I2C_2_CLOCK_init
 .text.I2C_2_init
                0x000004ac       0x28 driver_init.o
                0x000004ac                I2C_2_init
 .text.SPI_0_PORT_init
                0x000004d4      0x114 driver_init.o
                0x000004d4                SPI_0_PORT_init
 .text.SPI_0_CLOCK_init
                0x000005e8       0x20 driver_init.o
                0x000005e8                SPI_0_CLOCK_init
 .text.SPI_0_init
                0x00000608       0x34 driver_init.o
                0x00000608                SPI_0_init
 .text.TARGET_IO_PORT_init
                0x0000063c       0x40 driver_init.o
                0x0000063c                TARGET_IO_PORT_init
 .text.TARGET_IO_CLOCK_init
                0x0000067c       0x20 driver_init.o
                0x0000067c                TARGET_IO_CLOCK_init
 .text.TARGET_IO_init
                0x0000069c       0x2c driver_init.o
                0x0000069c                TARGET_IO_init
 .text.system_init
                0x000006c8       0xec driver_init.o
                0x000006c8                system_init
 .text.adc_async_window_threshold_reached
                0x000007b4        0xc hal/src/hal_adc_async.o
 .text.adc_async_error_occured
                0x000007c0        0xc hal/src/hal_adc_async.o
 .text.adc_async_channel_conversion_done
                0x000007cc       0x60 hal/src/hal_adc_async.o
 .text.adc_async_init
                0x0000082c       0xa8 hal/src/hal_adc_async.o
                0x0000082c                adc_async_init
 .text.adc_async_register_channel_buffer
                0x000008d4       0xb4 hal/src/hal_adc_async.o
                0x000008d4                adc_async_register_channel_buffer
 .text.adc_async_enable_channel
                0x00000988       0x40 hal/src/hal_adc_async.o
                0x00000988                adc_async_enable_channel
 .text.adc_async_register_callback
                0x000009c8       0x7c hal/src/hal_adc_async.o
                0x000009c8                adc_async_register_callback
 .text.adc_async_read_channel
                0x00000a44       0xec hal/src/hal_adc_async.o
                0x00000a44                adc_async_read_channel
 .text.adc_async_start_conversion
                0x00000b30       0x28 hal/src/hal_adc_async.o
                0x00000b30                adc_async_start_conversion
 .text.adc_async_set_inputs
                0x00000b58       0x4c hal/src/hal_adc_async.o
                0x00000b58                adc_async_set_inputs
 .text.atomic_enter_critical
                0x00000ba4        0xe hal/src/hal_atomic.o
                0x00000ba4                atomic_enter_critical
 .text.atomic_leave_critical
                0x00000bb2        0xc hal/src/hal_atomic.o
                0x00000bb2                atomic_leave_critical
 *fill*         0x00000bbe        0x2 
 .text.delay_ms
                0x00000bc0       0x20 hal/src/hal_delay.o
                0x00000bc0                delay_ms
 .text.i2c_m_sync_write
                0x00000be0       0x30 hal/src/hal_i2c_m_sync.o
 .text.i2c_m_sync_read
                0x00000c10       0x30 hal/src/hal_i2c_m_sync.o
 .text.i2c_m_sync_init
                0x00000c40       0x40 hal/src/hal_i2c_m_sync.o
                0x00000c40                i2c_m_sync_init
 .text.i2c_m_sync_set_slaveaddr
                0x00000c80       0x12 hal/src/hal_i2c_m_sync.o
                0x00000c80                i2c_m_sync_set_slaveaddr
 *fill*         0x00000c92        0x2 
 .text.i2c_m_sync_cmd_write_m
                0x00000c94       0x34 hal/src/hal_i2c_m_sync.o
                0x00000c94                i2c_m_sync_cmd_write_m
 .text.i2c_m_sync_cmd_read
                0x00000cc8       0x48 hal/src/hal_i2c_m_sync.o
                0x00000cc8                i2c_m_sync_cmd_read
 .text.io_write
                0x00000d10       0x34 hal/src/hal_io.o
                0x00000d10                io_write
 .text.io_read  0x00000d44       0x34 hal/src/hal_io.o
                0x00000d44                io_read
 .text.spi_s_async_dev_complete
                0x00000d78        0xa hal/src/hal_spi_s_async.o
 .text.spi_s_async_dummy_func
                0x00000d82        0x2 hal/src/hal_spi_s_async.o
 .text._spi_s_async_io_write
                0x00000d84       0x84 hal/src/hal_spi_s_async.o
 .text._spi_s_async_io_read
                0x00000e08       0xa8 hal/src/hal_spi_s_async.o
 .text.spi_s_async_dev_error
                0x00000eb0       0x3c hal/src/hal_spi_s_async.o
 .text.spi_s_async_dev_rx
                0x00000eec       0x38 hal/src/hal_spi_s_async.o
 .text.spi_s_async_dev_tx
                0x00000f24       0x64 hal/src/hal_spi_s_async.o
 .text.spi_s_async_init
                0x00000f88       0xc4 hal/src/hal_spi_s_async.o
                0x00000f88                spi_s_async_init
 .text.spi_s_async_enable
                0x0000104c       0x5c hal/src/hal_spi_s_async.o
                0x0000104c                spi_s_async_enable
 .text.spi_s_async_register_callback
                0x000010a8       0x64 hal/src/hal_spi_s_async.o
                0x000010a8                spi_s_async_register_callback
 .text.spi_s_async_get_io_descriptor
                0x0000110c       0x30 hal/src/hal_spi_s_async.o
                0x0000110c                spi_s_async_get_io_descriptor
 .text.timer_add_timer_task
                0x0000113c       0x70 hal/src/hal_timer.o
 .text.timer_process_counted
                0x000011ac       0x8c hal/src/hal_timer.o
 .text.timer_init
                0x00001238       0x44 hal/src/hal_timer.o
                0x00001238                timer_init
 .text.timer_start
                0x0000127c       0x3c hal/src/hal_timer.o
                0x0000127c                timer_start
 .text.timer_add_task
                0x000012b8       0xac hal/src/hal_timer.o
                0x000012b8                timer_add_task
 .text.usart_sync_write
                0x00001364       0x7c hal/src/hal_usart_sync.o
 .text.usart_sync_read
                0x000013e0       0x68 hal/src/hal_usart_sync.o
 .text.usart_sync_init
                0x00001448       0x4c hal/src/hal_usart_sync.o
                0x00001448                usart_sync_init
 .text.usart_sync_enable
                0x00001494       0x2c hal/src/hal_usart_sync.o
                0x00001494                usart_sync_enable
 .text.assert   0x000014c0        0x8 hal/utils/src/utils_assert.o
                0x000014c0                assert
 .text.is_list_element
                0x000014c8       0x24 hal/utils/src/utils_list.o
                0x000014c8                is_list_element
 .text.list_insert_as_head
                0x000014ec       0x2c hal/utils/src/utils_list.o
                0x000014ec                list_insert_as_head
 .text.list_insert_after
                0x00001518        0x8 hal/utils/src/utils_list.o
                0x00001518                list_insert_after
 .text.list_remove_head
                0x00001520        0xe hal/utils/src/utils_list.o
                0x00001520                list_remove_head
 *fill*         0x0000152e        0x2 
 .text.ringbuffer_init
                0x00001530       0x54 hal/utils/src/utils_ringbuffer.o
                0x00001530                ringbuffer_init
 .text.ringbuffer_get
                0x00001584       0x48 hal/utils/src/utils_ringbuffer.o
                0x00001584                ringbuffer_get
 .text.ringbuffer_put
                0x000015cc       0x40 hal/utils/src/utils_ringbuffer.o
                0x000015cc                ringbuffer_put
 .text.ringbuffer_num
                0x0000160c       0x24 hal/utils/src/utils_ringbuffer.o
                0x0000160c                ringbuffer_num
 .text._sbrk    0x00001630       0x24 hal/utils/src/utils_syscalls.o
                0x00001630                _sbrk
 .text._close   0x00001654        0x6 hal/utils/src/utils_syscalls.o
                0x00001654                _close
 .text._fstat   0x0000165a        0xa hal/utils/src/utils_syscalls.o
                0x0000165a                _fstat
 .text._isatty  0x00001664        0x4 hal/utils/src/utils_syscalls.o
                0x00001664                _isatty
 .text._lseek   0x00001668        0x4 hal/utils/src/utils_syscalls.o
                0x00001668                _lseek
 .text._adc_get_regs
                0x0000166c        0x4 hpl/adc/hpl_adc.o
 .text._adc_init
                0x00001670      0x104 hpl/adc/hpl_adc.o
 .text._adc_async_init
                0x00001774       0x60 hpl/adc/hpl_adc.o
                0x00001774                _adc_async_init
 .text._adc_async_enable_channel
                0x000017d4        0xc hpl/adc/hpl_adc.o
                0x000017d4                _adc_async_enable_channel
 .text._adc_async_get_data_size
                0x000017e0       0x18 hpl/adc/hpl_adc.o
                0x000017e0                _adc_async_get_data_size
 .text._adc_async_convert
                0x000017f8       0x12 hpl/adc/hpl_adc.o
                0x000017f8                _adc_async_convert
 *fill*         0x0000180a        0x2 
 .text._adc_async_set_inputs
                0x0000180c       0x38 hpl/adc/hpl_adc.o
                0x0000180c                _adc_async_set_inputs
 .text._adc_async_set_irq_state
                0x00001844       0x3e hpl/adc/hpl_adc.o
                0x00001844                _adc_async_set_irq_state
 *fill*         0x00001882        0x2 
 .text.ADC_Handler
                0x00001884       0x4c hpl/adc/hpl_adc.o
                0x00001884                ADC_Handler
 .text._irq_set
                0x000018d0       0x1c hpl/core/hpl_core_m0plus_base.o
                0x000018d0                _irq_set
 .text._get_cycles_for_ms
                0x000018ec       0x20 hpl/core/hpl_core_m0plus_base.o
                0x000018ec                _get_cycles_for_ms
 .text._delay_cycles
                0x0000190c        0x6 hpl/core/hpl_core_m0plus_base.o
                0x0000190c                _delay_cycles
 *fill*         0x00001912        0x2 
 .text._init_chip
                0x00001914       0x30 hpl/core/hpl_init.o
                0x00001914                _init_chip
 .text._gclk_init_generators_by_fref
                0x00001944       0x20 hpl/gclk/hpl_gclk.o
                0x00001944                _gclk_init_generators_by_fref
 .text._pm_init
                0x00001964       0x20 hpl/pm/hpl_pm.o
                0x00001964                _pm_init
 .text._spi_sync_enable
                0x00001984       0x20 hpl/sercom/hpl_sercom.o
 .text._spi_async_enable
                0x000019a4       0x34 hpl/sercom/hpl_sercom.o
 .text._get_i2cm_index
                0x000019d8       0x48 hpl/sercom/hpl_sercom.o
 .text._i2c_m_sync_init_impl
                0x00001a20       0xdc hpl/sercom/hpl_sercom.o
 .text._usart_init
                0x00001afc       0x9c hpl/sercom/hpl_sercom.o
 .text._usart_sync_init
                0x00001b98       0x2c hpl/sercom/hpl_sercom.o
                0x00001b98                _usart_sync_init
 .text._usart_sync_enable
                0x00001bc4       0x14 hpl/sercom/hpl_sercom.o
                0x00001bc4                _usart_sync_enable
 .text._usart_sync_write_byte
                0x00001bd8        0x8 hpl/sercom/hpl_sercom.o
                0x00001bd8                _usart_sync_write_byte
 .text._usart_sync_read_byte
                0x00001be0        0x8 hpl/sercom/hpl_sercom.o
                0x00001be0                _usart_sync_read_byte
 .text._usart_sync_is_ready_to_send
                0x00001be8        0xa hpl/sercom/hpl_sercom.o
                0x00001be8                _usart_sync_is_ready_to_send
 .text._usart_sync_is_transmit_done
                0x00001bf2        0xa hpl/sercom/hpl_sercom.o
                0x00001bf2                _usart_sync_is_transmit_done
 .text._usart_sync_is_byte_received
                0x00001bfc        0xa hpl/sercom/hpl_sercom.o
                0x00001bfc                _usart_sync_is_byte_received
 *fill*         0x00001c06        0x2 
 .text._i2c_m_sync_init
                0x00001c08       0x30 hpl/sercom/hpl_sercom.o
                0x00001c08                _i2c_m_sync_init
 .text._i2c_m_sync_transfer
                0x00001c38      0x538 hpl/sercom/hpl_sercom.o
                0x00001c38                _i2c_m_sync_transfer
 .text.SERCOM4_Handler
                0x00002170       0x50 hpl/sercom/hpl_sercom.o
                0x00002170                SERCOM4_Handler
 .text._spi_m_sync_init
                0x000021c0      0x100 hpl/sercom/hpl_sercom.o
                0x000021c0                _spi_m_sync_init
 .text._spi_m_async_init
                0x000022c0       0x74 hpl/sercom/hpl_sercom.o
                0x000022c0                _spi_m_async_init
 .text._spi_s_async_init
                0x00002334        0xc hpl/sercom/hpl_sercom.o
                0x00002334                _spi_s_async_init
 .text._spi_s_async_enable
                0x00002340       0x30 hpl/sercom/hpl_sercom.o
                0x00002340                _spi_s_async_enable
 .text._spi_m_async_enable_tx
                0x00002370       0x3c hpl/sercom/hpl_sercom.o
                0x00002370                _spi_m_async_enable_tx
 .text._spi_s_async_enable_tx
                0x000023ac        0xc hpl/sercom/hpl_sercom.o
                0x000023ac                _spi_s_async_enable_tx
 .text._spi_m_async_enable_rx
                0x000023b8       0x44 hpl/sercom/hpl_sercom.o
                0x000023b8                _spi_m_async_enable_rx
 .text._spi_s_async_enable_rx
                0x000023fc        0xc hpl/sercom/hpl_sercom.o
                0x000023fc                _spi_s_async_enable_rx
 .text._spi_m_async_enable_tx_complete
                0x00002408       0x40 hpl/sercom/hpl_sercom.o
                0x00002408                _spi_m_async_enable_tx_complete
 .text._spi_s_async_enable_ss_detect
                0x00002448        0xc hpl/sercom/hpl_sercom.o
                0x00002448                _spi_s_async_enable_ss_detect
 .text._spi_s_async_write_one
                0x00002454       0x34 hpl/sercom/hpl_sercom.o
                0x00002454                _spi_s_async_write_one
 .text._spi_s_async_read_one
                0x00002488       0x30 hpl/sercom/hpl_sercom.o
                0x00002488                _spi_s_async_read_one
 .text._spi_m_async_register_callback
                0x000024b8       0x3c hpl/sercom/hpl_sercom.o
                0x000024b8                _spi_m_async_register_callback
 .text._spi_s_async_register_callback
                0x000024f4        0xc hpl/sercom/hpl_sercom.o
                0x000024f4                _spi_s_async_register_callback
 .text._spi_m_async_set_irq_state
                0x00002500       0x3c hpl/sercom/hpl_sercom.o
                0x00002500                _spi_m_async_set_irq_state
 .text._spi_s_async_set_irq_state
                0x0000253c        0xc hpl/sercom/hpl_sercom.o
                0x0000253c                _spi_s_async_set_irq_state
 .text._sysctrl_init_sources
                0x00002548       0x40 hpl/sysctrl/hpl_sysctrl.o
                0x00002548                _sysctrl_init_sources
 .text._sysctrl_init_referenced_generators
                0x00002588       0x10 hpl/sysctrl/hpl_sysctrl.o
                0x00002588                _sysctrl_init_referenced_generators
 .text._timer_init
                0x00002598      0x114 hpl/tc/hpl_tc.o
                0x00002598                _timer_init
 .text._timer_start
                0x000026ac        0xc hpl/tc/hpl_tc.o
                0x000026ac                _timer_start
 .text._timer_is_started
                0x000026b8        0xa hpl/tc/hpl_tc.o
                0x000026b8                _timer_is_started
 .text._tc_get_timer
                0x000026c2        0x4 hpl/tc/hpl_tc.o
                0x000026c2                _tc_get_timer
 *fill*         0x000026c6        0x2 
 .text._timer_set_irq
                0x000026c8       0x20 hpl/tc/hpl_tc.o
                0x000026c8                _timer_set_irq
 .text.TC3_Handler
                0x000026e8       0x20 hpl/tc/hpl_tc.o
                0x000026e8                TC3_Handler
 .text.main     0x00002708       0x54 main.o
                0x00002708                main
 .text.convert_cb_ADC_0
                0x0000275c       0x74 peripherals/dv_adc.o
 .text.getRawAdcVal
                0x000027d0        0xc peripherals/dv_adc.o
                0x000027d0                getRawAdcVal
 .text.getConversionStatus
                0x000027dc        0xc peripherals/dv_adc.o
                0x000027dc                getConversionStatus
 .text.adcSetChannel
                0x000027e8       0x30 peripherals/dv_adc.o
                0x000027e8                adcSetChannel
 .text.initAdc  0x00002818       0x2c peripherals/dv_adc.o
                0x00002818                initAdc
 .text.complete_cb_SPI_0
                0x00002844        0x2 peripherals/dv_spi.o
 *fill*         0x00002846        0x2 
 .text.tx_cb_SPI_0
                0x00002848       0x10 peripherals/dv_spi.o
 .text.writeToRingBuffer
                0x00002858       0xa4 peripherals/dv_spi.o
 .text.rx_cb_SPI_0
                0x000028fc       0x3c peripherals/dv_spi.o
 .text.readFromRingBuffer
                0x00002938       0xbc peripherals/dv_spi.o
 .text.getPacketFromStream
                0x000029f4       0xc8 peripherals/dv_spi.o
 .text.printRxTxCount
                0x00002abc       0x24 peripherals/dv_spi.o
                0x00002abc                printRxTxCount
 .text.initSpi  0x00002ae0       0x80 peripherals/dv_spi.o
                0x00002ae0                initSpi
 .text.printBuffer
                0x00002b60       0x8c peripherals/dv_spi.o
                0x00002b60                printBuffer
 .text.processData
                0x00002bec      0x330 peripherals/dv_spi.o
                0x00002bec                processData
 .text.TIMER_0_task1_cb
                0x00002f1c        0xc peripherals/dv_timer.o
 .text.initTimer
                0x00002f28       0x38 peripherals/dv_timer.o
                0x00002f28                initTimer
 .text._read    0x00002f60       0x28 stdio_redirect/gcc/read.o
                0x00002f60                _read
 .text._write   0x00002f88       0x28 stdio_redirect/gcc/write.o
                0x00002f88                _write
 .text.stdio_io_init
                0x00002fb0       0x2c stdio_redirect/stdio_io.o
                0x00002fb0                stdio_io_init
 .text.stdio_io_read
                0x00002fdc       0x24 stdio_redirect/stdio_io.o
                0x00002fdc                stdio_io_read
 .text.stdio_io_write
                0x00003000       0x24 stdio_redirect/stdio_io.o
                0x00003000                stdio_io_write
 .text.stdio_redirect_init
                0x00003024       0x20 stdio_start.o
                0x00003024                stdio_redirect_init
 .text.__libc_init_array
                0x00003044       0x48 c:/program files (x86)/atmel/studio/7.0/toolchain/arm/arm-gnu-toolchain/bin/../lib/gcc/arm-none-eabi/6.3.1/../../../../arm-none-eabi/lib/thumb/v6-m\libc_nano.a(lib_a-init.o)
                0x00003044                __libc_init_array
 .text.memcpy   0x0000308c       0x12 c:/program files (x86)/atmel/studio/7.0/toolchain/arm/arm-gnu-toolchain/bin/../lib/gcc/arm-none-eabi/6.3.1/../../../../arm-none-eabi/lib/thumb/v6-m\libc_nano.a(lib_a-memcpy-stub.o)
                0x0000308c                memcpy
 .text.memset   0x0000309e       0x10 c:/program files (x86)/atmel/studio/7.0/toolchain/arm/arm-gnu-toolchain/bin/../lib/gcc/arm-none-eabi/6.3.1/../../../../arm-none-eabi/lib/thumb/v6-m\libc_nano.a(lib_a-memset.o)
                0x0000309e                memset
 .text.__cvt    0x000030ae       0xc8 c:/program files (x86)/atmel/studio/7.0/toolchain/arm/arm-gnu-toolchain/bin/../lib/gcc/arm-none-eabi/6.3.1/../../../../arm-none-eabi/lib/thumb/v6-m\libc_nano.a(lib_a-nano-vfprintf_float.o)
                0x000030ae                __cvt
 .text.__exponent
                0x00003176       0x70 c:/program files (x86)/atmel/studio/7.0/toolchain/arm/arm-gnu-toolchain/bin/../lib/gcc/arm-none-eabi/6.3.1/../../../../arm-none-eabi/lib/thumb/v6-m\libc_nano.a(lib_a-nano-vfprintf_float.o)
                0x00003176                __exponent
 *fill*         0x000031e6        0x2 
 .text._printf_float
                0x000031e8      0x498 c:/program files (x86)/atmel/studio/7.0/toolchain/arm/arm-gnu-toolchain/bin/../lib/gcc/arm-none-eabi/6.3.1/../../../../arm-none-eabi/lib/thumb/v6-m\libc_nano.a(lib_a-nano-vfprintf_float.o)
                0x000031e8                _printf_float
 .text._printf_common
                0x00003680       0xda c:/program files (x86)/atmel/studio/7.0/toolchain/arm/arm-gnu-toolchain/bin/../lib/gcc/arm-none-eabi/6.3.1/../../../../arm-none-eabi/lib/thumb/v6-m\libc_nano.a(lib_a-nano-vfprintf_i.o)
                0x00003680                _printf_common
 *fill*         0x0000375a        0x2 
 .text._printf_i
                0x0000375c      0x234 c:/program files (x86)/atmel/studio/7.0/toolchain/arm/arm-gnu-toolchain/bin/../lib/gcc/arm-none-eabi/6.3.1/../../../../arm-none-eabi/lib/thumb/v6-m\libc_nano.a(lib_a-nano-vfprintf_i.o)
                0x0000375c                _printf_i
 .text.printf   0x00003990       0x34 c:/program files (x86)/atmel/studio/7.0/toolchain/arm/arm-gnu-toolchain/bin/../lib/gcc/arm-none-eabi/6.3.1/../../../../arm-none-eabi/lib/thumb/v6-m\libc_nano.a(lib_a-printf.o)
                0x00003990                iprintf
                0x00003990                printf
 .text._puts_r  0x000039c4       0xc0 c:/program files (x86)/atmel/studio/7.0/toolchain/arm/arm-gnu-toolchain/bin/../lib/gcc/arm-none-eabi/6.3.1/../../../../arm-none-eabi/lib/thumb/v6-m\libc_nano.a(lib_a-puts.o)
                0x000039c4                _puts_r
 .text.puts     0x00003a84       0x14 c:/program files (x86)/atmel/studio/7.0/toolchain/arm/arm-gnu-toolchain/bin/../lib/gcc/arm-none-eabi/6.3.1/../../../../arm-none-eabi/lib/thumb/v6-m\libc_nano.a(lib_a-puts.o)
                0x00003a84                puts
 .text.setbuf   0x00003a98       0x12 c:/program files (x86)/atmel/studio/7.0/toolchain/arm/arm-gnu-toolchain/bin/../lib/gcc/arm-none-eabi/6.3.1/../../../../arm-none-eabi/lib/thumb/v6-m\libc_nano.a(lib_a-setbuf.o)
                0x00003a98                setbuf
 *fill*         0x00003aaa        0x2 
 .text.setvbuf  0x00003aac      0x158 c:/program files (x86)/atmel/studio/7.0/toolchain/arm/arm-gnu-toolchain/bin/../lib/gcc/arm-none-eabi/6.3.1/../../../../arm-none-eabi/lib/thumb/v6-m\libc_nano.a(lib_a-setvbuf.o)
                0x00003aac                setvbuf
 .text          0x00003c04        0xe c:/program files (x86)/atmel/studio/7.0/toolchain/arm/arm-gnu-toolchain/bin/../lib/gcc/arm-none-eabi/6.3.1/../../../../arm-none-eabi/lib/thumb/v6-m\libc_nano.a(lib_a-strlen.o)
                0x00003c04                strlen
 *fill*         0x00003c12        0x2 
 .text.__swbuf_r
                0x00003c14       0xac c:/program files (x86)/atmel/studio/7.0/toolchain/arm/arm-gnu-toolchain/bin/../lib/gcc/arm-none-eabi/6.3.1/../../../../arm-none-eabi/lib/thumb/v6-m\libc_nano.a(lib_a-wbuf.o)
                0x00003c14                __swbuf_r
 .text.__swsetup_r
                0x00003cc0       0xec c:/program files (x86)/atmel/studio/7.0/toolchain/arm/arm-gnu-toolchain/bin/../lib/gcc/arm-none-eabi/6.3.1/../../../../arm-none-eabi/lib/thumb/v6-m\libc_nano.a(lib_a-wsetup.o)
                0x00003cc0                __swsetup_r
 .text.quorem   0x00003dac      0x108 c:/program files (x86)/atmel/studio/7.0/toolchain/arm/arm-gnu-toolchain/bin/../lib/gcc/arm-none-eabi/6.3.1/../../../../arm-none-eabi/lib/thumb/v6-m\libc_nano.a(lib_a-dtoa.o)
 .text._dtoa_r  0x00003eb4      0xbd0 c:/program files (x86)/atmel/studio/7.0/toolchain/arm/arm-gnu-toolchain/bin/../lib/gcc/arm-none-eabi/6.3.1/../../../../arm-none-eabi/lib/thumb/v6-m\libc_nano.a(lib_a-dtoa.o)
                0x00003eb4                _dtoa_r
 .text.__sflush_r
                0x00004a84      0x114 c:/program files (x86)/atmel/studio/7.0/toolchain/arm/arm-gnu-toolchain/bin/../lib/gcc/arm-none-eabi/6.3.1/../../../../arm-none-eabi/lib/thumb/v6-m\libc_nano.a(lib_a-fflush.o)
                0x00004a84                __sflush_r
 .text._fflush_r
                0x00004b98       0x58 c:/program files (x86)/atmel/studio/7.0/toolchain/arm/arm-gnu-toolchain/bin/../lib/gcc/arm-none-eabi/6.3.1/../../../../arm-none-eabi/lib/thumb/v6-m\libc_nano.a(lib_a-fflush.o)
                0x00004b98                _fflush_r
 .text._cleanup_r
                0x00004bf0       0x10 c:/program files (x86)/atmel/studio/7.0/toolchain/arm/arm-gnu-toolchain/bin/../lib/gcc/arm-none-eabi/6.3.1/../../../../arm-none-eabi/lib/thumb/v6-m\libc_nano.a(lib_a-findfp.o)
                0x00004bf0                _cleanup_r
 .text.std.isra.0
                0x00004c00       0x48 c:/program files (x86)/atmel/studio/7.0/toolchain/arm/arm-gnu-toolchain/bin/../lib/gcc/arm-none-eabi/6.3.1/../../../../arm-none-eabi/lib/thumb/v6-m\libc_nano.a(lib_a-findfp.o)
 .text.__sfmoreglue
                0x00004c48       0x2c c:/program files (x86)/atmel/studio/7.0/toolchain/arm/arm-gnu-toolchain/bin/../lib/gcc/arm-none-eabi/6.3.1/../../../../arm-none-eabi/lib/thumb/v6-m\libc_nano.a(lib_a-findfp.o)
                0x00004c48                __sfmoreglue
 .text.__sinit  0x00004c74       0x68 c:/program files (x86)/atmel/studio/7.0/toolchain/arm/arm-gnu-toolchain/bin/../lib/gcc/arm-none-eabi/6.3.1/../../../../arm-none-eabi/lib/thumb/v6-m\libc_nano.a(lib_a-findfp.o)
                0x00004c74                __sinit
 .text.__sfp    0x00004cdc       0x80 c:/program files (x86)/atmel/studio/7.0/toolchain/arm/arm-gnu-toolchain/bin/../lib/gcc/arm-none-eabi/6.3.1/../../../../arm-none-eabi/lib/thumb/v6-m\libc_nano.a(lib_a-findfp.o)
                0x00004cdc                __sfp
 .text._fwalk_reent
                0x00004d5c       0x42 c:/program files (x86)/atmel/studio/7.0/toolchain/arm/arm-gnu-toolchain/bin/../lib/gcc/arm-none-eabi/6.3.1/../../../../arm-none-eabi/lib/thumb/v6-m\libc_nano.a(lib_a-fwalk.o)
                0x00004d5c                _fwalk_reent
 *fill*         0x00004d9e        0x2 
 .text._localeconv_r
                0x00004da0       0x18 c:/program files (x86)/atmel/studio/7.0/toolchain/arm/arm-gnu-toolchain/bin/../lib/gcc/arm-none-eabi/6.3.1/../../../../arm-none-eabi/lib/thumb/v6-m\libc_nano.a(lib_a-localeconv.o)
                0x00004da0                _localeconv_r
 .text.__swhatbuf_r
                0x00004db8       0x50 c:/program files (x86)/atmel/studio/7.0/toolchain/arm/arm-gnu-toolchain/bin/../lib/gcc/arm-none-eabi/6.3.1/../../../../arm-none-eabi/lib/thumb/v6-m\libc_nano.a(lib_a-makebuf.o)
                0x00004db8                __swhatbuf_r
 .text.__smakebuf_r
                0x00004e08       0x88 c:/program files (x86)/atmel/studio/7.0/toolchain/arm/arm-gnu-toolchain/bin/../lib/gcc/arm-none-eabi/6.3.1/../../../../arm-none-eabi/lib/thumb/v6-m\libc_nano.a(lib_a-makebuf.o)
                0x00004e08                __smakebuf_r
 .text.malloc   0x00004e90       0x14 c:/program files (x86)/atmel/studio/7.0/toolchain/arm/arm-gnu-toolchain/bin/../lib/gcc/arm-none-eabi/6.3.1/../../../../arm-none-eabi/lib/thumb/v6-m\libc_nano.a(lib_a-malloc.o)
                0x00004e90                malloc
 .text.memchr   0x00004ea4       0x16 c:/program files (x86)/atmel/studio/7.0/toolchain/arm/arm-gnu-toolchain/bin/../lib/gcc/arm-none-eabi/6.3.1/../../../../arm-none-eabi/lib/thumb/v6-m\libc_nano.a(lib_a-memchr-stub.o)
                0x00004ea4                memchr
 .text._Balloc  0x00004eba       0x70 c:/program files (x86)/atmel/studio/7.0/toolchain/arm/arm-gnu-toolchain/bin/../lib/gcc/arm-none-eabi/6.3.1/../../../../arm-none-eabi/lib/thumb/v6-m\libc_nano.a(lib_a-mprec.o)
                0x00004eba                _Balloc
 .text._Bfree   0x00004f2a       0x32 c:/program files (x86)/atmel/studio/7.0/toolchain/arm/arm-gnu-toolchain/bin/../lib/gcc/arm-none-eabi/6.3.1/../../../../arm-none-eabi/lib/thumb/v6-m\libc_nano.a(lib_a-mprec.o)
                0x00004f2a                _Bfree
 .text.__multadd
                0x00004f5c       0x78 c:/program files (x86)/atmel/studio/7.0/toolchain/arm/arm-gnu-toolchain/bin/../lib/gcc/arm-none-eabi/6.3.1/../../../../arm-none-eabi/lib/thumb/v6-m\libc_nano.a(lib_a-mprec.o)
                0x00004f5c                __multadd
 .text.__hi0bits
                0x00004fd4       0x34 c:/program files (x86)/atmel/studio/7.0/toolchain/arm/arm-gnu-toolchain/bin/../lib/gcc/arm-none-eabi/6.3.1/../../../../arm-none-eabi/lib/thumb/v6-m\libc_nano.a(lib_a-mprec.o)
                0x00004fd4                __hi0bits
 .text.__lo0bits
                0x00005008       0x5e c:/program files (x86)/atmel/studio/7.0/toolchain/arm/arm-gnu-toolchain/bin/../lib/gcc/arm-none-eabi/6.3.1/../../../../arm-none-eabi/lib/thumb/v6-m\libc_nano.a(lib_a-mprec.o)
                0x00005008                __lo0bits
 .text.__i2b    0x00005066       0x12 c:/program files (x86)/atmel/studio/7.0/toolchain/arm/arm-gnu-toolchain/bin/../lib/gcc/arm-none-eabi/6.3.1/../../../../arm-none-eabi/lib/thumb/v6-m\libc_nano.a(lib_a-mprec.o)
                0x00005066                __i2b
 .text.__multiply
                0x00005078      0x11e c:/program files (x86)/atmel/studio/7.0/toolchain/arm/arm-gnu-toolchain/bin/../lib/gcc/arm-none-eabi/6.3.1/../../../../arm-none-eabi/lib/thumb/v6-m\libc_nano.a(lib_a-mprec.o)
                0x00005078                __multiply
 *fill*         0x00005196        0x2 
 .text.__pow5mult
                0x00005198       0xa4 c:/program files (x86)/atmel/studio/7.0/toolchain/arm/arm-gnu-toolchain/bin/../lib/gcc/arm-none-eabi/6.3.1/../../../../arm-none-eabi/lib/thumb/v6-m\libc_nano.a(lib_a-mprec.o)
                0x00005198                __pow5mult
 .text.__lshift
                0x0000523c       0xa2 c:/program files (x86)/atmel/studio/7.0/toolchain/arm/arm-gnu-toolchain/bin/../lib/gcc/arm-none-eabi/6.3.1/../../../../arm-none-eabi/lib/thumb/v6-m\libc_nano.a(lib_a-mprec.o)
                0x0000523c                __lshift
 .text.__mcmp   0x000052de       0x32 c:/program files (x86)/atmel/studio/7.0/toolchain/arm/arm-gnu-toolchain/bin/../lib/gcc/arm-none-eabi/6.3.1/../../../../arm-none-eabi/lib/thumb/v6-m\libc_nano.a(lib_a-mprec.o)
                0x000052de                __mcmp
 .text.__mdiff  0x00005310       0xc8 c:/program files (x86)/atmel/studio/7.0/toolchain/arm/arm-gnu-toolchain/bin/../lib/gcc/arm-none-eabi/6.3.1/../../../../arm-none-eabi/lib/thumb/v6-m\libc_nano.a(lib_a-mprec.o)
                0x00005310                __mdiff
 .text.__d2b    0x000053d8       0xa8 c:/program files (x86)/atmel/studio/7.0/toolchain/arm/arm-gnu-toolchain/bin/../lib/gcc/arm-none-eabi/6.3.1/../../../../arm-none-eabi/lib/thumb/v6-m\libc_nano.a(lib_a-mprec.o)
                0x000053d8                __d2b
 .text._calloc_r
                0x00005480       0x1c c:/program files (x86)/atmel/studio/7.0/toolchain/arm/arm-gnu-toolchain/bin/../lib/gcc/arm-none-eabi/6.3.1/../../../../arm-none-eabi/lib/thumb/v6-m\libc_nano.a(lib_a-nano-callocr.o)
                0x00005480                _calloc_r
 .text._free_r  0x0000549c       0x94 c:/program files (x86)/atmel/studio/7.0/toolchain/arm/arm-gnu-toolchain/bin/../lib/gcc/arm-none-eabi/6.3.1/../../../../arm-none-eabi/lib/thumb/v6-m\libc_nano.a(lib_a-nano-freer.o)
                0x0000549c                _free_r
 .text._malloc_r
                0x00005530       0xbc c:/program files (x86)/atmel/studio/7.0/toolchain/arm/arm-gnu-toolchain/bin/../lib/gcc/arm-none-eabi/6.3.1/../../../../arm-none-eabi/lib/thumb/v6-m\libc_nano.a(lib_a-nano-mallocr.o)
                0x00005530                _malloc_r
 .text.__sfputc_r
                0x000055ec       0x2a c:/program files (x86)/atmel/studio/7.0/toolchain/arm/arm-gnu-toolchain/bin/../lib/gcc/arm-none-eabi/6.3.1/../../../../arm-none-eabi/lib/thumb/v6-m\libc_nano.a(lib_a-nano-vfprintf.o)
 .text.__sfputs_r
                0x00005616       0x24 c:/program files (x86)/atmel/studio/7.0/toolchain/arm/arm-gnu-toolchain/bin/../lib/gcc/arm-none-eabi/6.3.1/../../../../arm-none-eabi/lib/thumb/v6-m\libc_nano.a(lib_a-nano-vfprintf.o)
                0x00005616                __sfputs_r
 *fill*         0x0000563a        0x2 
 .text._vfprintf_r
                0x0000563c      0x238 c:/program files (x86)/atmel/studio/7.0/toolchain/arm/arm-gnu-toolchain/bin/../lib/gcc/arm-none-eabi/6.3.1/../../../../arm-none-eabi/lib/thumb/v6-m\libc_nano.a(lib_a-nano-vfprintf.o)
                0x0000563c                _vfprintf_r
                0x0000563c                _vfiprintf_r
 .text._sbrk_r  0x00005874       0x24 c:/program files (x86)/atmel/studio/7.0/toolchain/arm/arm-gnu-toolchain/bin/../lib/gcc/arm-none-eabi/6.3.1/../../../../arm-none-eabi/lib/thumb/v6-m\libc_nano.a(lib_a-sbrkr.o)
                0x00005874                _sbrk_r
 .text.__sread  0x00005898       0x28 c:/program files (x86)/atmel/studio/7.0/toolchain/arm/arm-gnu-toolchain/bin/../lib/gcc/arm-none-eabi/6.3.1/../../../../arm-none-eabi/lib/thumb/v6-m\libc_nano.a(lib_a-stdio.o)
                0x00005898                __sread
 .text.__swrite
                0x000058c0       0x38 c:/program files (x86)/atmel/studio/7.0/toolchain/arm/arm-gnu-toolchain/bin/../lib/gcc/arm-none-eabi/6.3.1/../../../../arm-none-eabi/lib/thumb/v6-m\libc_nano.a(lib_a-stdio.o)
                0x000058c0                __swrite
 .text.__sseek  0x000058f8       0x2c c:/program files (x86)/atmel/studio/7.0/toolchain/arm/arm-gnu-toolchain/bin/../lib/gcc/arm-none-eabi/6.3.1/../../../../arm-none-eabi/lib/thumb/v6-m\libc_nano.a(lib_a-stdio.o)
                0x000058f8                __sseek
 .text.__sclose
                0x00005924        0xc c:/program files (x86)/atmel/studio/7.0/toolchain/arm/arm-gnu-toolchain/bin/../lib/gcc/arm-none-eabi/6.3.1/../../../../arm-none-eabi/lib/thumb/v6-m\libc_nano.a(lib_a-stdio.o)
                0x00005924                __sclose
 .text._write_r
                0x00005930       0x28 c:/program files (x86)/atmel/studio/7.0/toolchain/arm/arm-gnu-toolchain/bin/../lib/gcc/arm-none-eabi/6.3.1/../../../../arm-none-eabi/lib/thumb/v6-m\libc_nano.a(lib_a-writer.o)
                0x00005930                _write_r
 .text._close_r
                0x00005958       0x24 c:/program files (x86)/atmel/studio/7.0/toolchain/arm/arm-gnu-toolchain/bin/../lib/gcc/arm-none-eabi/6.3.1/../../../../arm-none-eabi/lib/thumb/v6-m\libc_nano.a(lib_a-closer.o)
                0x00005958                _close_r
 .text._fstat_r
                0x0000597c       0x24 c:/program files (x86)/atmel/studio/7.0/toolchain/arm/arm-gnu-toolchain/bin/../lib/gcc/arm-none-eabi/6.3.1/../../../../arm-none-eabi/lib/thumb/v6-m\libc_nano.a(lib_a-fstatr.o)
                0x0000597c                _fstat_r
 .text._isatty_r
                0x000059a0       0x24 c:/program files (x86)/atmel/studio/7.0/toolchain/arm/arm-gnu-toolchain/bin/../lib/gcc/arm-none-eabi/6.3.1/../../../../arm-none-eabi/lib/thumb/v6-m\libc_nano.a(lib_a-isattyr.o)
                0x000059a0                _isatty_r
 .text._lseek_r
                0x000059c4       0x28 c:/program files (x86)/atmel/studio/7.0/toolchain/arm/arm-gnu-toolchain/bin/../lib/gcc/arm-none-eabi/6.3.1/../../../../arm-none-eabi/lib/thumb/v6-m\libc_nano.a(lib_a-lseekr.o)
                0x000059c4                _lseek_r
 .text.__ascii_mbtowc
                0x000059ec       0x24 c:/program files (x86)/atmel/studio/7.0/toolchain/arm/arm-gnu-toolchain/bin/../lib/gcc/arm-none-eabi/6.3.1/../../../../arm-none-eabi/lib/thumb/v6-m\libc_nano.a(lib_a-mbtowc_r.o)
                0x000059ec                __ascii_mbtowc
 .text.__malloc_lock
                0x00005a10        0x2 c:/program files (x86)/atmel/studio/7.0/toolchain/arm/arm-gnu-toolchain/bin/../lib/gcc/arm-none-eabi/6.3.1/../../../../arm-none-eabi/lib/thumb/v6-m\libc_nano.a(lib_a-mlock.o)
                0x00005a10                __malloc_lock
 .text.__malloc_unlock
                0x00005a12        0x2 c:/program files (x86)/atmel/studio/7.0/toolchain/arm/arm-gnu-toolchain/bin/../lib/gcc/arm-none-eabi/6.3.1/../../../../arm-none-eabi/lib/thumb/v6-m\libc_nano.a(lib_a-mlock.o)
                0x00005a12                __malloc_unlock
 .text._read_r  0x00005a14       0x28 c:/program files (x86)/atmel/studio/7.0/toolchain/arm/arm-gnu-toolchain/bin/../lib/gcc/arm-none-eabi/6.3.1/../../../../arm-none-eabi/lib/thumb/v6-m\libc_nano.a(lib_a-readr.o)
                0x00005a14                _read_r
 .text.__ascii_wctomb
                0x00005a3c       0x18 c:/program files (x86)/atmel/studio/7.0/toolchain/arm/arm-gnu-toolchain/bin/../lib/gcc/arm-none-eabi/6.3.1/../../../../arm-none-eabi/lib/thumb/v6-m\libc_nano.a(lib_a-wctomb_r.o)
                0x00005a3c                __ascii_wctomb
 .text          0x00005a54       0x14 c:/program files (x86)/atmel/studio/7.0/toolchain/arm/arm-gnu-toolchain/bin/../lib/gcc/arm-none-eabi/6.3.1/thumb/v6-m\libgcc.a(_thumb1_case_uqi.o)
                0x00005a54                __gnu_thumb1_case_uqi
 .text          0x00005a68      0x114 c:/program files (x86)/atmel/studio/7.0/toolchain/arm/arm-gnu-toolchain/bin/../lib/gcc/arm-none-eabi/6.3.1/thumb/v6-m\libgcc.a(_udivsi3.o)
                0x00005a68                __aeabi_uidiv
                0x00005a68                __udivsi3
                0x00005b74                __aeabi_uidivmod
 .text          0x00005b7c      0x1d4 c:/program files (x86)/atmel/studio/7.0/toolchain/arm/arm-gnu-toolchain/bin/../lib/gcc/arm-none-eabi/6.3.1/thumb/v6-m\libgcc.a(_divsi3.o)
                0x00005b7c                __divsi3
                0x00005b7c                __aeabi_idiv
                0x00005d48                __aeabi_idivmod
 .text          0x00005d50        0x4 c:/program files (x86)/atmel/studio/7.0/toolchain/arm/arm-gnu-toolchain/bin/../lib/gcc/arm-none-eabi/6.3.1/thumb/v6-m\libgcc.a(_dvmd_tls.o)
                0x00005d50                __aeabi_idiv0
                0x00005d50                __aeabi_ldiv0
 .text          0x00005d54       0x7c c:/program files (x86)/atmel/studio/7.0/toolchain/arm/arm-gnu-toolchain/bin/../lib/gcc/arm-none-eabi/6.3.1/thumb/v6-m\libgcc.a(_arm_cmpdf2.o)
                0x00005d54                __aeabi_cdrcmple
                0x00005d64                __aeabi_cdcmple
                0x00005d64                __aeabi_cdcmpeq
                0x00005d74                __aeabi_dcmpeq
                0x00005d80                __aeabi_dcmplt
                0x00005d94                __aeabi_dcmple
                0x00005da8                __aeabi_dcmpgt
                0x00005dbc                __aeabi_dcmpge
 .text          0x00005dd0      0x620 c:/program files (x86)/atmel/studio/7.0/toolchain/arm/arm-gnu-toolchain/bin/../lib/gcc/arm-none-eabi/6.3.1/thumb/v6-m\libgcc.a(adddf3.o)
                0x00005dd0                __aeabi_dadd
 .text          0x000063f0      0x668 c:/program files (x86)/atmel/studio/7.0/toolchain/arm/arm-gnu-toolchain/bin/../lib/gcc/arm-none-eabi/6.3.1/thumb/v6-m\libgcc.a(divdf3.o)
                0x000063f0                __aeabi_ddiv
 .text          0x00006a58       0x74 c:/program files (x86)/atmel/studio/7.0/toolchain/arm/arm-gnu-toolchain/bin/../lib/gcc/arm-none-eabi/6.3.1/thumb/v6-m\libgcc.a(eqdf2.o)
                0x00006a58                __nedf2
                0x00006a58                __eqdf2
 .text          0x00006acc       0xc8 c:/program files (x86)/atmel/studio/7.0/toolchain/arm/arm-gnu-toolchain/bin/../lib/gcc/arm-none-eabi/6.3.1/thumb/v6-m\libgcc.a(gedf2.o)
                0x00006acc                __gedf2
                0x00006acc                __gtdf2
 .text          0x00006b94       0xc4 c:/program files (x86)/atmel/studio/7.0/toolchain/arm/arm-gnu-toolchain/bin/../lib/gcc/arm-none-eabi/6.3.1/thumb/v6-m\libgcc.a(ledf2.o)
                0x00006b94                __ledf2
                0x00006b94                __ltdf2
 .text          0x00006c58      0x500 c:/program files (x86)/atmel/studio/7.0/toolchain/arm/arm-gnu-toolchain/bin/../lib/gcc/arm-none-eabi/6.3.1/thumb/v6-m\libgcc.a(muldf3.o)
                0x00006c58                __aeabi_dmul
 .text          0x00007158      0x62c c:/program files (x86)/atmel/studio/7.0/toolchain/arm/arm-gnu-toolchain/bin/../lib/gcc/arm-none-eabi/6.3.1/thumb/v6-m\libgcc.a(subdf3.o)
                0x00007158                __aeabi_dsub
 .text          0x00007784       0x40 c:/program files (x86)/atmel/studio/7.0/toolchain/arm/arm-gnu-toolchain/bin/../lib/gcc/arm-none-eabi/6.3.1/thumb/v6-m\libgcc.a(unorddf2.o)
                0x00007784                __aeabi_dcmpun
 .text          0x000077c4       0x68 c:/program files (x86)/atmel/studio/7.0/toolchain/arm/arm-gnu-toolchain/bin/../lib/gcc/arm-none-eabi/6.3.1/thumb/v6-m\libgcc.a(fixdfsi.o)
                0x000077c4                __aeabi_d2iz
 .text          0x0000782c       0x84 c:/program files (x86)/atmel/studio/7.0/toolchain/arm/arm-gnu-toolchain/bin/../lib/gcc/arm-none-eabi/6.3.1/thumb/v6-m\libgcc.a(floatsidf.o)
                0x0000782c                __aeabi_i2d
 .text          0x000078b0       0x70 c:/program files (x86)/atmel/studio/7.0/toolchain/arm/arm-gnu-toolchain/bin/../lib/gcc/arm-none-eabi/6.3.1/thumb/v6-m\libgcc.a(floatunsidf.o)
                0x000078b0                __aeabi_ui2d
 .text          0x00007920       0x3c c:/program files (x86)/atmel/studio/7.0/toolchain/arm/arm-gnu-toolchain/bin/../lib/gcc/arm-none-eabi/6.3.1/thumb/v6-m\libgcc.a(_clzsi2.o)
                0x00007920                __clzsi2
 *(.glue_7t)
 .glue_7t       0x0000795c        0x0 linker stubs
 *(.glue_7)
 .glue_7        0x0000795c        0x0 linker stubs
 *(.rodata .rodata* .gnu.linkonce.r.*)
 .rodata.str1.4
                0x0000795c       0x1b hal/src/hal_adc_async.o
 *fill*         0x00007977        0x1 
 .rodata.str1.4
                0x00007978       0x1c hal/src/hal_i2c_m_sync.o
 .rodata.str1.4
                0x00007994       0x14 hal/src/hal_io.o
 .rodata.str1.4
                0x000079a8       0x1d hal/src/hal_spi_s_async.o
 *fill*         0x000079c5        0x3 
 .rodata.str1.4
                0x000079c8       0x17 hal/src/hal_timer.o
 *fill*         0x000079df        0x1 
 .rodata.str1.4
                0x000079e0       0x1c hal/src/hal_usart_sync.o
 .rodata.str1.4
                0x000079fc       0x1e hal/utils/src/utils_list.o
 *fill*         0x00007a1a        0x2 
 .rodata.str1.4
                0x00007a1c       0x24 hal/utils/src/utils_ringbuffer.o
 .rodata        0x00007a40       0x1c hpl/adc/hpl_adc.o
 .rodata.str1.4
                0x00007a5c       0x15 hpl/adc/hpl_adc.o
 *fill*         0x00007a71        0x3 
 .rodata        0x00007a74       0x48 hpl/sercom/hpl_sercom.o
 .rodata.str1.4
                0x00007abc       0x1b hpl/sercom/hpl_sercom.o
 *fill*         0x00007ad7        0x1 
 .rodata        0x00007ad8       0x14 hpl/tc/hpl_tc.o
 .rodata.str1.4
                0x00007aec       0x13 hpl/tc/hpl_tc.o
 *fill*         0x00007aff        0x1 
 .rodata.str1.4
                0x00007b00        0x5 main.o
 *fill*         0x00007b05        0x3 
 .rodata.str1.4
                0x00007b08       0x2a peripherals/dv_adc.o
 *fill*         0x00007b32        0x2 
 .rodata.str1.4
                0x00007b34      0x170 peripherals/dv_spi.o
                                0x16e (size before relaxing)
 .rodata._global_impure_ptr
                0x00007ca4        0x4 c:/program files (x86)/atmel/studio/7.0/toolchain/arm/arm-gnu-toolchain/bin/../lib/gcc/arm-none-eabi/6.3.1/../../../../arm-none-eabi/lib/thumb/v6-m\libc_nano.a(lib_a-impure.o)
                0x00007ca4                _global_impure_ptr
 .rodata._printf_float.str1.1
                0x00007ca8       0x12 c:/program files (x86)/atmel/studio/7.0/toolchain/arm/arm-gnu-toolchain/bin/../lib/gcc/arm-none-eabi/6.3.1/../../../../arm-none-eabi/lib/thumb/v6-m\libc_nano.a(lib_a-nano-vfprintf_float.o)
 .rodata._printf_i.str1.1
                0x00007cba       0x22 c:/program files (x86)/atmel/studio/7.0/toolchain/arm/arm-gnu-toolchain/bin/../lib/gcc/arm-none-eabi/6.3.1/../../../../arm-none-eabi/lib/thumb/v6-m\libc_nano.a(lib_a-nano-vfprintf_i.o)
 .rodata._dtoa_r.str1.1
                0x00007cdc        0xd c:/program files (x86)/atmel/studio/7.0/toolchain/arm/arm-gnu-toolchain/bin/../lib/gcc/arm-none-eabi/6.3.1/../../../../arm-none-eabi/lib/thumb/v6-m\libc_nano.a(lib_a-dtoa.o)
                                  0xf (size before relaxing)
 *fill*         0x00007ce9        0x3 
 .rodata.__sf_fake_stderr
                0x00007cec       0x20 c:/program files (x86)/atmel/studio/7.0/toolchain/arm/arm-gnu-toolchain/bin/../lib/gcc/arm-none-eabi/6.3.1/../../../../arm-none-eabi/lib/thumb/v6-m\libc_nano.a(lib_a-findfp.o)
                0x00007cec                __sf_fake_stderr
 .rodata.__sf_fake_stdin
                0x00007d0c       0x20 c:/program files (x86)/atmel/studio/7.0/toolchain/arm/arm-gnu-toolchain/bin/../lib/gcc/arm-none-eabi/6.3.1/../../../../arm-none-eabi/lib/thumb/v6-m\libc_nano.a(lib_a-findfp.o)
                0x00007d0c                __sf_fake_stdin
 .rodata.__sf_fake_stdout
                0x00007d2c       0x20 c:/program files (x86)/atmel/studio/7.0/toolchain/arm/arm-gnu-toolchain/bin/../lib/gcc/arm-none-eabi/6.3.1/../../../../arm-none-eabi/lib/thumb/v6-m\libc_nano.a(lib_a-findfp.o)
                0x00007d2c                __sf_fake_stdout
 *fill*         0x00007d4c        0x4 
 .rodata.__mprec_bigtens
                0x00007d50       0x28 c:/program files (x86)/atmel/studio/7.0/toolchain/arm/arm-gnu-toolchain/bin/../lib/gcc/arm-none-eabi/6.3.1/../../../../arm-none-eabi/lib/thumb/v6-m\libc_nano.a(lib_a-mprec.o)
                0x00007d50                __mprec_bigtens
 .rodata.__mprec_tens
                0x00007d78       0xc8 c:/program files (x86)/atmel/studio/7.0/toolchain/arm/arm-gnu-toolchain/bin/../lib/gcc/arm-none-eabi/6.3.1/../../../../arm-none-eabi/lib/thumb/v6-m\libc_nano.a(lib_a-mprec.o)
                0x00007d78                __mprec_tens
 .rodata.p05.6047
                0x00007e40        0xc c:/program files (x86)/atmel/studio/7.0/toolchain/arm/arm-gnu-toolchain/bin/../lib/gcc/arm-none-eabi/6.3.1/../../../../arm-none-eabi/lib/thumb/v6-m\libc_nano.a(lib_a-mprec.o)
 .rodata._vfprintf_r.str1.1
                0x00007e4c       0x11 c:/program files (x86)/atmel/studio/7.0/toolchain/arm/arm-gnu-toolchain/bin/../lib/gcc/arm-none-eabi/6.3.1/../../../../arm-none-eabi/lib/thumb/v6-m\libc_nano.a(lib_a-nano-vfprintf.o)
 .rodata._setlocale_r.str1.1
                0x00007e5d        0x8 c:/program files (x86)/atmel/studio/7.0/toolchain/arm/arm-gnu-toolchain/bin/../lib/gcc/arm-none-eabi/6.3.1/../../../../arm-none-eabi/lib/thumb/v6-m\libc_nano.a(lib_a-locale.o)
                                  0x9 (size before relaxing)
 .rodata.str1.1
                0x00007e65        0x2 c:/program files (x86)/atmel/studio/7.0/toolchain/arm/arm-gnu-toolchain/bin/../lib/gcc/arm-none-eabi/6.3.1/../../../../arm-none-eabi/lib/thumb/v6-m\libc_nano.a(lib_a-locale.o)
 .rodata._ctype_
                0x00007e67      0x101 c:/program files (x86)/atmel/studio/7.0/toolchain/arm/arm-gnu-toolchain/bin/../lib/gcc/arm-none-eabi/6.3.1/../../../../arm-none-eabi/lib/thumb/v6-m\libc_nano.a(lib_a-ctype_.o)
                0x00007e67                _ctype_
 .rodata        0x00007f68       0x40 c:/program files (x86)/atmel/studio/7.0/toolchain/arm/arm-gnu-toolchain/bin/../lib/gcc/arm-none-eabi/6.3.1/thumb/v6-m\libgcc.a(divdf3.o)
 .rodata        0x00007fa8       0x40 c:/program files (x86)/atmel/studio/7.0/toolchain/arm/arm-gnu-toolchain/bin/../lib/gcc/arm-none-eabi/6.3.1/thumb/v6-m\libgcc.a(muldf3.o)
 *(.ARM.extab* .gnu.linkonce.armextab.*)
                0x00007fe8                . = ALIGN (0x4)
 *(.init)
 .init          0x00007fe8        0x4 c:/program files (x86)/atmel/studio/7.0/toolchain/arm/arm-gnu-toolchain/bin/../lib/gcc/arm-none-eabi/6.3.1/thumb/v6-m/crti.o
                0x00007fe8                _init
 .init          0x00007fec        0x8 c:/program files (x86)/atmel/studio/7.0/toolchain/arm/arm-gnu-toolchain/bin/../lib/gcc/arm-none-eabi/6.3.1/thumb/v6-m/crtn.o
                0x00007ff4                . = ALIGN (0x4)
                0x00007ff4                __preinit_array_start = .
 *(.preinit_array)
                0x00007ff4                __preinit_array_end = .
                0x00007ff4                . = ALIGN (0x4)
                0x00007ff4                __init_array_start = .
 *(SORT(.init_array.*))
 *(.init_array)
 .init_array    0x00007ff4        0x4 c:/program files (x86)/atmel/studio/7.0/toolchain/arm/arm-gnu-toolchain/bin/../lib/gcc/arm-none-eabi/6.3.1/thumb/v6-m/crtbegin.o
                0x00007ff8                __init_array_end = .
                0x00007ff8                . = ALIGN (0x4)
 *crtbegin.o(.ctors)
 *(EXCLUDE_FILE(*crtend.o) .ctors)
 *(SORT(.ctors.*))
 *crtend.o(.ctors)
                0x00007ff8                . = ALIGN (0x4)
 *(.fini)
 .fini          0x00007ff8        0x4 c:/program files (x86)/atmel/studio/7.0/toolchain/arm/arm-gnu-toolchain/bin/../lib/gcc/arm-none-eabi/6.3.1/thumb/v6-m/crti.o
                0x00007ff8                _fini
 .fini          0x00007ffc        0x8 c:/program files (x86)/atmel/studio/7.0/toolchain/arm/arm-gnu-toolchain/bin/../lib/gcc/arm-none-eabi/6.3.1/thumb/v6-m/crtn.o
                0x00008004                . = ALIGN (0x4)
                0x00008004                __fini_array_start = .
 *(.fini_array)
 .fini_array    0x00008004        0x4 c:/program files (x86)/atmel/studio/7.0/toolchain/arm/arm-gnu-toolchain/bin/../lib/gcc/arm-none-eabi/6.3.1/thumb/v6-m/crtbegin.o
 *(SORT(.fini_array.*))
                0x00008008                __fini_array_end = .
 *crtbegin.o(.dtors)
 *(EXCLUDE_FILE(*crtend.o) .dtors)
 *(SORT(.dtors.*))
 *crtend.o(.dtors)
                0x00008008                . = ALIGN (0x4)
                0x00008008                _efixed = .
                [!provide]                PROVIDE (__exidx_start, .)

.vfp11_veneer   0x00008008        0x0
 .vfp11_veneer  0x00008008        0x0 linker stubs

.v4_bx          0x00008008        0x0
 .v4_bx         0x00008008        0x0 linker stubs

.iplt           0x00008008        0x0
 .iplt          0x00008008        0x0 c:/program files (x86)/atmel/studio/7.0/toolchain/arm/arm-gnu-toolchain/bin/../lib/gcc/arm-none-eabi/6.3.1/thumb/v6-m/crtbegin.o

.eh_frame       0x00008008        0x0
 .eh_frame      0x00008008        0x0 c:/program files (x86)/atmel/studio/7.0/toolchain/arm/arm-gnu-toolchain/bin/../lib/gcc/arm-none-eabi/6.3.1/thumb/v6-m/crtbegin.o

.rel.dyn        0x00008008        0x0
 .rel.iplt      0x00008008        0x0 c:/program files (x86)/atmel/studio/7.0/toolchain/arm/arm-gnu-toolchain/bin/../lib/gcc/arm-none-eabi/6.3.1/thumb/v6-m/crtbegin.o

.jcr            0x00008008        0x0
 .jcr           0x00008008        0x0 c:/program files (x86)/atmel/studio/7.0/toolchain/arm/arm-gnu-toolchain/bin/../lib/gcc/arm-none-eabi/6.3.1/thumb/v6-m/crtbegin.o

.igot.plt       0x00008008        0x0
 .igot.plt      0x00008008        0x0 c:/program files (x86)/atmel/studio/7.0/toolchain/arm/arm-gnu-toolchain/bin/../lib/gcc/arm-none-eabi/6.3.1/thumb/v6-m/crtbegin.o

.ARM.exidx
 *(.ARM.exidx* .gnu.linkonce.armexidx.*)
                [!provide]                PROVIDE (__exidx_end, .)
                0x00008008                . = ALIGN (0x4)
                0x00008008                _etext = .

.relocate       0x20000000      0x1d0 load address 0x00008008
                0x20000000                . = ALIGN (0x4)
                0x20000000                _srelocate = .
 *(.ramfunc .ramfunc.*)
 *(.data .data.*)
 .data._impure_ptr
                0x20000000        0x4 c:/program files (x86)/atmel/studio/7.0/toolchain/arm/arm-gnu-toolchain/bin/../lib/gcc/arm-none-eabi/6.3.1/../../../../arm-none-eabi/lib/thumb/v6-m\libc_nano.a(lib_a-impure.o)
                0x20000000                _impure_ptr
 .data.impure_data
                0x20000004       0x60 c:/program files (x86)/atmel/studio/7.0/toolchain/arm/arm-gnu-toolchain/bin/../lib/gcc/arm-none-eabi/6.3.1/../../../../arm-none-eabi/lib/thumb/v6-m\libc_nano.a(lib_a-impure.o)
 .data.__global_locale
                0x20000064      0x16c c:/program files (x86)/atmel/studio/7.0/toolchain/arm/arm-gnu-toolchain/bin/../lib/gcc/arm-none-eabi/6.3.1/../../../../arm-none-eabi/lib/thumb/v6-m\libc_nano.a(lib_a-locale.o)
                0x20000064                __global_locale
                0x200001d0                . = ALIGN (0x4)
                0x200001d0                _erelocate = .

.bss            0x200001d0      0x2d8 load address 0x000081d8
                0x200001d0                . = ALIGN (0x4)
                0x200001d0                _sbss = .
                0x200001d0                _szero = .
 *(.bss .bss.*)
 .bss           0x200001d0       0x1c c:/program files (x86)/atmel/studio/7.0/toolchain/arm/arm-gnu-toolchain/bin/../lib/gcc/arm-none-eabi/6.3.1/thumb/v6-m/crtbegin.o
 .bss           0x200001ec       0x34 driver_init.o
 .bss           0x20000220        0x4 hal/src/hal_delay.o
 .bss           0x20000224        0x4 hal/utils/src/utils_syscalls.o
 .bss           0x20000228        0x4 hpl/adc/hpl_adc.o
 .bss           0x2000022c        0x4 hpl/sercom/hpl_sercom.o
 .bss           0x20000230        0x4 hpl/tc/hpl_tc.o
 .bss           0x20000234        0x5 peripherals/dv_adc.o
 *fill*         0x20000239        0x3 
 .bss           0x2000023c      0x121 peripherals/dv_spi.o
 *fill*         0x2000035d        0x3 
 .bss           0x20000360       0x14 peripherals/dv_timer.o
 .bss           0x20000374        0x4 stdio_redirect/stdio_io.o
 .bss.__malloc_free_list
                0x20000378        0x4 c:/program files (x86)/atmel/studio/7.0/toolchain/arm/arm-gnu-toolchain/bin/../lib/gcc/arm-none-eabi/6.3.1/../../../../arm-none-eabi/lib/thumb/v6-m\libc_nano.a(lib_a-nano-mallocr.o)
                0x20000378                __malloc_free_list
 .bss.__malloc_sbrk_start
                0x2000037c        0x4 c:/program files (x86)/atmel/studio/7.0/toolchain/arm/arm-gnu-toolchain/bin/../lib/gcc/arm-none-eabi/6.3.1/../../../../arm-none-eabi/lib/thumb/v6-m\libc_nano.a(lib_a-nano-mallocr.o)
                0x2000037c                __malloc_sbrk_start
 *(COMMON)
 COMMON         0x20000380      0x124 driver_init.o
                0x20000380                I2C_2
                0x200003a0                TARGET_IO
                0x200003ac                I2C_1
                0x200003cc                ADC_0
                0x200003f8                ADC_0_ch
                0x20000410                SPI_0
                0x20000468                I2C_0
                0x20000488                TIMER_0
 COMMON         0x200004a4        0x4 c:/program files (x86)/atmel/studio/7.0/toolchain/arm/arm-gnu-toolchain/bin/../lib/gcc/arm-none-eabi/6.3.1/../../../../arm-none-eabi/lib/thumb/v6-m\libc_nano.a(lib_a-reent.o)
                0x200004a4                errno
                0x200004a8                . = ALIGN (0x4)
                0x200004a8                _ebss = .
                0x200004a8                _ezero = .

.stack          0x200004a8     0x1000 load address 0x000084b0
                0x200004a8                . = ALIGN (0x8)
                0x200004a8                _sstack = .
                0x200014a8                . = (. + STACK_SIZE)
 *fill*         0x200004a8     0x1000 
                0x200014a8                . = ALIGN (0x8)
                0x200014a8                _estack = .
                0x200014a8                . = ALIGN (0x4)
                0x200014a8                _end = .
OUTPUT(SAMD210.elf elf32-littlearm)

.ARM.attributes
                0x00000000       0x28
 .ARM.attributes
                0x00000000       0x1e c:/program files (x86)/atmel/studio/7.0/toolchain/arm/arm-gnu-toolchain/bin/../lib/gcc/arm-none-eabi/6.3.1/thumb/v6-m/crti.o
 .ARM.attributes
                0x0000001e       0x2c c:/program files (x86)/atmel/studio/7.0/toolchain/arm/arm-gnu-toolchain/bin/../lib/gcc/arm-none-eabi/6.3.1/thumb/v6-m/crtbegin.o
 .ARM.attributes
                0x0000004a       0x32 atmel_start.o
 .ARM.attributes
                0x0000007c       0x32 Device_Startup/startup_samd21.o
 .ARM.attributes
                0x000000ae       0x32 driver_init.o
 .ARM.attributes
                0x000000e0       0x32 hal/src/hal_adc_async.o
 .ARM.attributes
                0x00000112       0x32 hal/src/hal_atomic.o
 .ARM.attributes
                0x00000144       0x32 hal/src/hal_delay.o
 .ARM.attributes
                0x00000176       0x32 hal/src/hal_i2c_m_sync.o
 .ARM.attributes
                0x000001a8       0x32 hal/src/hal_io.o
 .ARM.attributes
                0x000001da       0x32 hal/src/hal_spi_s_async.o
 .ARM.attributes
                0x0000020c       0x32 hal/src/hal_timer.o
 .ARM.attributes
                0x0000023e       0x32 hal/src/hal_usart_sync.o
 .ARM.attributes
                0x00000270       0x32 hal/utils/src/utils_assert.o
 .ARM.attributes
                0x000002a2       0x32 hal/utils/src/utils_list.o
 .ARM.attributes
                0x000002d4       0x32 hal/utils/src/utils_ringbuffer.o
 .ARM.attributes
                0x00000306       0x32 hal/utils/src/utils_syscalls.o
 .ARM.attributes
                0x00000338       0x32 hpl/adc/hpl_adc.o
 .ARM.attributes
                0x0000036a       0x32 hpl/core/hpl_core_m0plus_base.o
 .ARM.attributes
                0x0000039c       0x32 hpl/core/hpl_init.o
 .ARM.attributes
                0x000003ce       0x32 hpl/gclk/hpl_gclk.o
 .ARM.attributes
                0x00000400       0x32 hpl/pm/hpl_pm.o
 .ARM.attributes
                0x00000432       0x32 hpl/sercom/hpl_sercom.o
 .ARM.attributes
                0x00000464       0x32 hpl/sysctrl/hpl_sysctrl.o
 .ARM.attributes
                0x00000496       0x32 hpl/tc/hpl_tc.o
 .ARM.attributes
                0x000004c8       0x32 main.o
 .ARM.attributes
                0x000004fa       0x32 peripherals/dv_adc.o
 .ARM.attributes
                0x0000052c       0x32 peripherals/dv_spi.o
 .ARM.attributes
                0x0000055e       0x32 peripherals/dv_timer.o
 .ARM.attributes
                0x00000590       0x32 stdio_redirect/gcc/read.o
 .ARM.attributes
                0x000005c2       0x32 stdio_redirect/gcc/write.o
 .ARM.attributes
                0x000005f4       0x32 stdio_redirect/stdio_io.o
 .ARM.attributes
                0x00000626       0x32 stdio_start.o
 .ARM.attributes
                0x00000658       0x2c c:/program files (x86)/atmel/studio/7.0/toolchain/arm/arm-gnu-toolchain/bin/../lib/gcc/arm-none-eabi/6.3.1/../../../../arm-none-eabi/lib/thumb/v6-m\libc_nano.a(lib_a-impure.o)
 .ARM.attributes
                0x00000684       0x2c c:/program files (x86)/atmel/studio/7.0/toolchain/arm/arm-gnu-toolchain/bin/../lib/gcc/arm-none-eabi/6.3.1/../../../../arm-none-eabi/lib/thumb/v6-m\libc_nano.a(lib_a-init.o)
 .ARM.attributes
                0x000006b0       0x2c c:/program files (x86)/atmel/studio/7.0/toolchain/arm/arm-gnu-toolchain/bin/../lib/gcc/arm-none-eabi/6.3.1/../../../../arm-none-eabi/lib/thumb/v6-m\libc_nano.a(lib_a-memcpy-stub.o)
 .ARM.attributes
                0x000006dc       0x2c c:/program files (x86)/atmel/studio/7.0/toolchain/arm/arm-gnu-toolchain/bin/../lib/gcc/arm-none-eabi/6.3.1/../../../../arm-none-eabi/lib/thumb/v6-m\libc_nano.a(lib_a-memset.o)
 .ARM.attributes
                0x00000708       0x2c c:/program files (x86)/atmel/studio/7.0/toolchain/arm/arm-gnu-toolchain/bin/../lib/gcc/arm-none-eabi/6.3.1/../../../../arm-none-eabi/lib/thumb/v6-m\libc_nano.a(lib_a-nano-vfprintf_float.o)
 .ARM.attributes
                0x00000734       0x2c c:/program files (x86)/atmel/studio/7.0/toolchain/arm/arm-gnu-toolchain/bin/../lib/gcc/arm-none-eabi/6.3.1/../../../../arm-none-eabi/lib/thumb/v6-m\libc_nano.a(lib_a-nano-vfprintf_i.o)
 .ARM.attributes
                0x00000760       0x2c c:/program files (x86)/atmel/studio/7.0/toolchain/arm/arm-gnu-toolchain/bin/../lib/gcc/arm-none-eabi/6.3.1/../../../../arm-none-eabi/lib/thumb/v6-m\libc_nano.a(lib_a-printf.o)
 .ARM.attributes
                0x0000078c       0x2c c:/program files (x86)/atmel/studio/7.0/toolchain/arm/arm-gnu-toolchain/bin/../lib/gcc/arm-none-eabi/6.3.1/../../../../arm-none-eabi/lib/thumb/v6-m\libc_nano.a(lib_a-puts.o)
 .ARM.attributes
                0x000007b8       0x2c c:/program files (x86)/atmel/studio/7.0/toolchain/arm/arm-gnu-toolchain/bin/../lib/gcc/arm-none-eabi/6.3.1/../../../../arm-none-eabi/lib/thumb/v6-m\libc_nano.a(lib_a-setbuf.o)
 .ARM.attributes
                0x000007e4       0x2c c:/program files (x86)/atmel/studio/7.0/toolchain/arm/arm-gnu-toolchain/bin/../lib/gcc/arm-none-eabi/6.3.1/../../../../arm-none-eabi/lib/thumb/v6-m\libc_nano.a(lib_a-setvbuf.o)
 .ARM.attributes
                0x00000810       0x1c c:/program files (x86)/atmel/studio/7.0/toolchain/arm/arm-gnu-toolchain/bin/../lib/gcc/arm-none-eabi/6.3.1/../../../../arm-none-eabi/lib/thumb/v6-m\libc_nano.a(lib_a-strlen.o)
 .ARM.attributes
                0x0000082c       0x2c c:/program files (x86)/atmel/studio/7.0/toolchain/arm/arm-gnu-toolchain/bin/../lib/gcc/arm-none-eabi/6.3.1/../../../../arm-none-eabi/lib/thumb/v6-m\libc_nano.a(lib_a-wbuf.o)
 .ARM.attributes
                0x00000858       0x2c c:/program files (x86)/atmel/studio/7.0/toolchain/arm/arm-gnu-toolchain/bin/../lib/gcc/arm-none-eabi/6.3.1/../../../../arm-none-eabi/lib/thumb/v6-m\libc_nano.a(lib_a-wsetup.o)
 .ARM.attributes
                0x00000884       0x2c c:/program files (x86)/atmel/studio/7.0/toolchain/arm/arm-gnu-toolchain/bin/../lib/gcc/arm-none-eabi/6.3.1/../../../../arm-none-eabi/lib/thumb/v6-m\libc_nano.a(lib_a-dtoa.o)
 .ARM.attributes
                0x000008b0       0x2c c:/program files (x86)/atmel/studio/7.0/toolchain/arm/arm-gnu-toolchain/bin/../lib/gcc/arm-none-eabi/6.3.1/../../../../arm-none-eabi/lib/thumb/v6-m\libc_nano.a(lib_a-fflush.o)
 .ARM.attributes
                0x000008dc       0x2c c:/program files (x86)/atmel/studio/7.0/toolchain/arm/arm-gnu-toolchain/bin/../lib/gcc/arm-none-eabi/6.3.1/../../../../arm-none-eabi/lib/thumb/v6-m\libc_nano.a(lib_a-findfp.o)
 .ARM.attributes
                0x00000908       0x2c c:/program files (x86)/atmel/studio/7.0/toolchain/arm/arm-gnu-toolchain/bin/../lib/gcc/arm-none-eabi/6.3.1/../../../../arm-none-eabi/lib/thumb/v6-m\libc_nano.a(lib_a-fwalk.o)
 .ARM.attributes
                0x00000934       0x2c c:/program files (x86)/atmel/studio/7.0/toolchain/arm/arm-gnu-toolchain/bin/../lib/gcc/arm-none-eabi/6.3.1/../../../../arm-none-eabi/lib/thumb/v6-m\libc_nano.a(lib_a-localeconv.o)
 .ARM.attributes
                0x00000960       0x2c c:/program files (x86)/atmel/studio/7.0/toolchain/arm/arm-gnu-toolchain/bin/../lib/gcc/arm-none-eabi/6.3.1/../../../../arm-none-eabi/lib/thumb/v6-m\libc_nano.a(lib_a-makebuf.o)
 .ARM.attributes
                0x0000098c       0x2c c:/program files (x86)/atmel/studio/7.0/toolchain/arm/arm-gnu-toolchain/bin/../lib/gcc/arm-none-eabi/6.3.1/../../../../arm-none-eabi/lib/thumb/v6-m\libc_nano.a(lib_a-malloc.o)
 .ARM.attributes
                0x000009b8       0x2c c:/program files (x86)/atmel/studio/7.0/toolchain/arm/arm-gnu-toolchain/bin/../lib/gcc/arm-none-eabi/6.3.1/../../../../arm-none-eabi/lib/thumb/v6-m\libc_nano.a(lib_a-memchr-stub.o)
 .ARM.attributes
                0x000009e4       0x2c c:/program files (x86)/atmel/studio/7.0/toolchain/arm/arm-gnu-toolchain/bin/../lib/gcc/arm-none-eabi/6.3.1/../../../../arm-none-eabi/lib/thumb/v6-m\libc_nano.a(lib_a-mprec.o)
 .ARM.attributes
                0x00000a10       0x2c c:/program files (x86)/atmel/studio/7.0/toolchain/arm/arm-gnu-toolchain/bin/../lib/gcc/arm-none-eabi/6.3.1/../../../../arm-none-eabi/lib/thumb/v6-m\libc_nano.a(lib_a-nano-callocr.o)
 .ARM.attributes
                0x00000a3c       0x2c c:/program files (x86)/atmel/studio/7.0/toolchain/arm/arm-gnu-toolchain/bin/../lib/gcc/arm-none-eabi/6.3.1/../../../../arm-none-eabi/lib/thumb/v6-m\libc_nano.a(lib_a-nano-freer.o)
 .ARM.attributes
                0x00000a68       0x2c c:/program files (x86)/atmel/studio/7.0/toolchain/arm/arm-gnu-toolchain/bin/../lib/gcc/arm-none-eabi/6.3.1/../../../../arm-none-eabi/lib/thumb/v6-m\libc_nano.a(lib_a-nano-mallocr.o)
 .ARM.attributes
                0x00000a94       0x2c c:/program files (x86)/atmel/studio/7.0/toolchain/arm/arm-gnu-toolchain/bin/../lib/gcc/arm-none-eabi/6.3.1/../../../../arm-none-eabi/lib/thumb/v6-m\libc_nano.a(lib_a-nano-vfprintf.o)
 .ARM.attributes
                0x00000ac0       0x2c c:/program files (x86)/atmel/studio/7.0/toolchain/arm/arm-gnu-toolchain/bin/../lib/gcc/arm-none-eabi/6.3.1/../../../../arm-none-eabi/lib/thumb/v6-m\libc_nano.a(lib_a-sbrkr.o)
 .ARM.attributes
                0x00000aec       0x2c c:/program files (x86)/atmel/studio/7.0/toolchain/arm/arm-gnu-toolchain/bin/../lib/gcc/arm-none-eabi/6.3.1/../../../../arm-none-eabi/lib/thumb/v6-m\libc_nano.a(lib_a-stdio.o)
 .ARM.attributes
                0x00000b18       0x2c c:/program files (x86)/atmel/studio/7.0/toolchain/arm/arm-gnu-toolchain/bin/../lib/gcc/arm-none-eabi/6.3.1/../../../../arm-none-eabi/lib/thumb/v6-m\libc_nano.a(lib_a-writer.o)
 .ARM.attributes
                0x00000b44       0x2c c:/program files (x86)/atmel/studio/7.0/toolchain/arm/arm-gnu-toolchain/bin/../lib/gcc/arm-none-eabi/6.3.1/../../../../arm-none-eabi/lib/thumb/v6-m\libc_nano.a(lib_a-closer.o)
 .ARM.attributes
                0x00000b70       0x2c c:/program files (x86)/atmel/studio/7.0/toolchain/arm/arm-gnu-toolchain/bin/../lib/gcc/arm-none-eabi/6.3.1/../../../../arm-none-eabi/lib/thumb/v6-m\libc_nano.a(lib_a-fstatr.o)
 .ARM.attributes
                0x00000b9c       0x2c c:/program files (x86)/atmel/studio/7.0/toolchain/arm/arm-gnu-toolchain/bin/../lib/gcc/arm-none-eabi/6.3.1/../../../../arm-none-eabi/lib/thumb/v6-m\libc_nano.a(lib_a-isattyr.o)
 .ARM.attributes
                0x00000bc8       0x2c c:/program files (x86)/atmel/studio/7.0/toolchain/arm/arm-gnu-toolchain/bin/../lib/gcc/arm-none-eabi/6.3.1/../../../../arm-none-eabi/lib/thumb/v6-m\libc_nano.a(lib_a-locale.o)
 .ARM.attributes
                0x00000bf4       0x2c c:/program files (x86)/atmel/studio/7.0/toolchain/arm/arm-gnu-toolchain/bin/../lib/gcc/arm-none-eabi/6.3.1/../../../../arm-none-eabi/lib/thumb/v6-m\libc_nano.a(lib_a-lseekr.o)
 .ARM.attributes
                0x00000c20       0x2c c:/program files (x86)/atmel/studio/7.0/toolchain/arm/arm-gnu-toolchain/bin/../lib/gcc/arm-none-eabi/6.3.1/../../../../arm-none-eabi/lib/thumb/v6-m\libc_nano.a(lib_a-mbtowc_r.o)
 .ARM.attributes
                0x00000c4c       0x2c c:/program files (x86)/atmel/studio/7.0/toolchain/arm/arm-gnu-toolchain/bin/../lib/gcc/arm-none-eabi/6.3.1/../../../../arm-none-eabi/lib/thumb/v6-m\libc_nano.a(lib_a-mlock.o)
 .ARM.attributes
                0x00000c78       0x2c c:/program files (x86)/atmel/studio/7.0/toolchain/arm/arm-gnu-toolchain/bin/../lib/gcc/arm-none-eabi/6.3.1/../../../../arm-none-eabi/lib/thumb/v6-m\libc_nano.a(lib_a-readr.o)
 .ARM.attributes
                0x00000ca4       0x2c c:/program files (x86)/atmel/studio/7.0/toolchain/arm/arm-gnu-toolchain/bin/../lib/gcc/arm-none-eabi/6.3.1/../../../../arm-none-eabi/lib/thumb/v6-m\libc_nano.a(lib_a-reent.o)
 .ARM.attributes
                0x00000cd0       0x2c c:/program files (x86)/atmel/studio/7.0/toolchain/arm/arm-gnu-toolchain/bin/../lib/gcc/arm-none-eabi/6.3.1/../../../../arm-none-eabi/lib/thumb/v6-m\libc_nano.a(lib_a-wctomb_r.o)
 .ARM.attributes
                0x00000cfc       0x2c c:/program files (x86)/atmel/studio/7.0/toolchain/arm/arm-gnu-toolchain/bin/../lib/gcc/arm-none-eabi/6.3.1/../../../../arm-none-eabi/lib/thumb/v6-m\libc_nano.a(lib_a-ctype_.o)
 .ARM.attributes
                0x00000d28       0x1e c:/program files (x86)/atmel/studio/7.0/toolchain/arm/arm-gnu-toolchain/bin/../lib/gcc/arm-none-eabi/6.3.1/thumb/v6-m\libgcc.a(_thumb1_case_uqi.o)
 .ARM.attributes
                0x00000d46       0x1e c:/program files (x86)/atmel/studio/7.0/toolchain/arm/arm-gnu-toolchain/bin/../lib/gcc/arm-none-eabi/6.3.1/thumb/v6-m\libgcc.a(_udivsi3.o)
 .ARM.attributes
                0x00000d64       0x1e c:/program files (x86)/atmel/studio/7.0/toolchain/arm/arm-gnu-toolchain/bin/../lib/gcc/arm-none-eabi/6.3.1/thumb/v6-m\libgcc.a(_divsi3.o)
 .ARM.attributes
                0x00000d82       0x1e c:/program files (x86)/atmel/studio/7.0/toolchain/arm/arm-gnu-toolchain/bin/../lib/gcc/arm-none-eabi/6.3.1/thumb/v6-m\libgcc.a(_dvmd_tls.o)
 .ARM.attributes
                0x00000da0       0x1e c:/program files (x86)/atmel/studio/7.0/toolchain/arm/arm-gnu-toolchain/bin/../lib/gcc/arm-none-eabi/6.3.1/thumb/v6-m\libgcc.a(_arm_cmpdf2.o)
 .ARM.attributes
                0x00000dbe       0x2c c:/program files (x86)/atmel/studio/7.0/toolchain/arm/arm-gnu-toolchain/bin/../lib/gcc/arm-none-eabi/6.3.1/thumb/v6-m\libgcc.a(adddf3.o)
 .ARM.attributes
                0x00000dea       0x2c c:/program files (x86)/atmel/studio/7.0/toolchain/arm/arm-gnu-toolchain/bin/../lib/gcc/arm-none-eabi/6.3.1/thumb/v6-m\libgcc.a(divdf3.o)
 .ARM.attributes
                0x00000e16       0x2c c:/program files (x86)/atmel/studio/7.0/toolchain/arm/arm-gnu-toolchain/bin/../lib/gcc/arm-none-eabi/6.3.1/thumb/v6-m\libgcc.a(eqdf2.o)
 .ARM.attributes
                0x00000e42       0x2c c:/program files (x86)/atmel/studio/7.0/toolchain/arm/arm-gnu-toolchain/bin/../lib/gcc/arm-none-eabi/6.3.1/thumb/v6-m\libgcc.a(gedf2.o)
 .ARM.attributes
                0x00000e6e       0x2c c:/program files (x86)/atmel/studio/7.0/toolchain/arm/arm-gnu-toolchain/bin/../lib/gcc/arm-none-eabi/6.3.1/thumb/v6-m\libgcc.a(ledf2.o)
 .ARM.attributes
                0x00000e9a       0x2c c:/program files (x86)/atmel/studio/7.0/toolchain/arm/arm-gnu-toolchain/bin/../lib/gcc/arm-none-eabi/6.3.1/thumb/v6-m\libgcc.a(muldf3.o)
 .ARM.attributes
                0x00000ec6       0x2c c:/program files (x86)/atmel/studio/7.0/toolchain/arm/arm-gnu-toolchain/bin/../lib/gcc/arm-none-eabi/6.3.1/thumb/v6-m\libgcc.a(subdf3.o)
 .ARM.attributes
                0x00000ef2       0x2c c:/program files (x86)/atmel/studio/7.0/toolchain/arm/arm-gnu-toolchain/bin/../lib/gcc/arm-none-eabi/6.3.1/thumb/v6-m\libgcc.a(unorddf2.o)
 .ARM.attributes
                0x00000f1e       0x2c c:/program files (x86)/atmel/studio/7.0/toolchain/arm/arm-gnu-toolchain/bin/../lib/gcc/arm-none-eabi/6.3.1/thumb/v6-m\libgcc.a(fixdfsi.o)
 .ARM.attributes
                0x00000f4a       0x2c c:/program files (x86)/atmel/studio/7.0/toolchain/arm/arm-gnu-toolchain/bin/../lib/gcc/arm-none-eabi/6.3.1/thumb/v6-m\libgcc.a(floatsidf.o)
 .ARM.attributes
                0x00000f76       0x2c c:/program files (x86)/atmel/studio/7.0/toolchain/arm/arm-gnu-toolchain/bin/../lib/gcc/arm-none-eabi/6.3.1/thumb/v6-m\libgcc.a(floatunsidf.o)
 .ARM.attributes
                0x00000fa2       0x1e c:/program files (x86)/atmel/studio/7.0/toolchain/arm/arm-gnu-toolchain/bin/../lib/gcc/arm-none-eabi/6.3.1/thumb/v6-m\libgcc.a(_clzsi2.o)
 .ARM.attributes
                0x00000fc0       0x1e c:/program files (x86)/atmel/studio/7.0/toolchain/arm/arm-gnu-toolchain/bin/../lib/gcc/arm-none-eabi/6.3.1/thumb/v6-m/crtn.o

.comment        0x00000000       0x59
 .comment       0x00000000       0x59 atmel_start.o
                                 0x5a (size before relaxing)
 .comment       0x00000059       0x5a Device_Startup/startup_samd21.o
 .comment       0x00000059       0x5a driver_init.o
 .comment       0x00000059       0x5a hal/src/hal_adc_async.o
 .comment       0x00000059       0x5a hal/src/hal_atomic.o
 .comment       0x00000059       0x5a hal/src/hal_delay.o
 .comment       0x00000059       0x5a hal/src/hal_i2c_m_sync.o
 .comment       0x00000059       0x5a hal/src/hal_io.o
 .comment       0x00000059       0x5a hal/src/hal_spi_s_async.o
 .comment       0x00000059       0x5a hal/src/hal_timer.o
 .comment       0x00000059       0x5a hal/src/hal_usart_sync.o
 .comment       0x00000059       0x5a hal/utils/src/utils_assert.o
 .comment       0x00000059       0x5a hal/utils/src/utils_list.o
 .comment       0x00000059       0x5a hal/utils/src/utils_ringbuffer.o
 .comment       0x00000059       0x5a hal/utils/src/utils_syscalls.o
 .comment       0x00000059       0x5a hpl/adc/hpl_adc.o
 .comment       0x00000059       0x5a hpl/core/hpl_core_m0plus_base.o
 .comment       0x00000059       0x5a hpl/core/hpl_init.o
 .comment       0x00000059       0x5a hpl/gclk/hpl_gclk.o
 .comment       0x00000059       0x5a hpl/pm/hpl_pm.o
 .comment       0x00000059       0x5a hpl/sercom/hpl_sercom.o
 .comment       0x00000059       0x5a hpl/sysctrl/hpl_sysctrl.o
 .comment       0x00000059       0x5a hpl/tc/hpl_tc.o
 .comment       0x00000059       0x5a main.o
 .comment       0x00000059       0x5a peripherals/dv_adc.o
 .comment       0x00000059       0x5a peripherals/dv_spi.o
 .comment       0x00000059       0x5a peripherals/dv_timer.o
 .comment       0x00000059       0x5a stdio_redirect/gcc/read.o
 .comment       0x00000059       0x5a stdio_redirect/gcc/write.o
 .comment       0x00000059       0x5a stdio_redirect/stdio_io.o
 .comment       0x00000059       0x5a stdio_start.o

.debug_info     0x00000000    0x30a58
 .debug_info    0x00000000     0x11d0 atmel_start.o
 .debug_info    0x000011d0     0x1bdf Device_Startup/startup_samd21.o
 .debug_info    0x00002daf     0x99e0 driver_init.o
 .debug_info    0x0000c78f     0x13cd hal/src/hal_adc_async.o
 .debug_info    0x0000db5c      0x1d1 hal/src/hal_atomic.o
 .debug_info    0x0000dd2d      0x1dc hal/src/hal_delay.o
 .debug_info    0x0000df09      0x8fa hal/src/hal_i2c_m_sync.o
 .debug_info    0x0000e803      0x2b2 hal/src/hal_io.o
 .debug_info    0x0000eab5     0x1269 hal/src/hal_spi_s_async.o
 .debug_info    0x0000fd1e      0xbb7 hal/src/hal_timer.o
 .debug_info    0x000108d5      0xc56 hal/src/hal_usart_sync.o
 .debug_info    0x0001152b      0x107 hal/utils/src/utils_assert.o
 .debug_info    0x00011632      0x310 hal/utils/src/utils_list.o
 .debug_info    0x00011942      0x313 hal/utils/src/utils_ringbuffer.o
 .debug_info    0x00011c55      0xdca hal/utils/src/utils_syscalls.o
 .debug_info    0x00012a1f     0x3982 hpl/adc/hpl_adc.o
 .debug_info    0x000163a1      0x853 hpl/core/hpl_core_m0plus_base.o
 .debug_info    0x00016bf4      0x68d hpl/core/hpl_init.o
 .debug_info    0x00017281      0x4e1 hpl/gclk/hpl_gclk.o
 .debug_info    0x00017762      0xce9 hpl/pm/hpl_pm.o
 .debug_info    0x0001844b     0xb57a hpl/sercom/hpl_sercom.o
 .debug_info    0x000239c5     0x1452 hpl/sysctrl/hpl_sysctrl.o
 .debug_info    0x00024e17     0x216d hpl/tc/hpl_tc.o
 .debug_info    0x00026f84     0x126f main.o
 .debug_info    0x000281f3     0x13e1 peripherals/dv_adc.o
 .debug_info    0x000295d4     0x2807 peripherals/dv_spi.o
 .debug_info    0x0002bddb     0x1a12 peripherals/dv_timer.o
 .debug_info    0x0002d7ed      0xa34 stdio_redirect/gcc/read.o
 .debug_info    0x0002e221      0xa34 stdio_redirect/gcc/write.o
 .debug_info    0x0002ec55      0xbe2 stdio_redirect/stdio_io.o
 .debug_info    0x0002f837     0x1221 stdio_start.o

.debug_abbrev   0x00000000     0x4907
 .debug_abbrev  0x00000000      0x1c9 atmel_start.o
 .debug_abbrev  0x000001c9      0x200 Device_Startup/startup_samd21.o
 .debug_abbrev  0x000003c9      0x403 driver_init.o
 .debug_abbrev  0x000007cc      0x1f3 hal/src/hal_adc_async.o
 .debug_abbrev  0x000009bf      0x144 hal/src/hal_atomic.o
 .debug_abbrev  0x00000b03       0xe1 hal/src/hal_delay.o
 .debug_abbrev  0x00000be4      0x1ed hal/src/hal_i2c_m_sync.o
 .debug_abbrev  0x00000dd1      0x115 hal/src/hal_io.o
 .debug_abbrev  0x00000ee6      0x2ea hal/src/hal_spi_s_async.o
 .debug_abbrev  0x000011d0      0x221 hal/src/hal_timer.o
 .debug_abbrev  0x000013f1      0x217 hal/src/hal_usart_sync.o
 .debug_abbrev  0x00001608       0x86 hal/utils/src/utils_assert.o
 .debug_abbrev  0x0000168e      0x159 hal/utils/src/utils_list.o
 .debug_abbrev  0x000017e7      0x101 hal/utils/src/utils_ringbuffer.o
 .debug_abbrev  0x000018e8      0x269 hal/utils/src/utils_syscalls.o
 .debug_abbrev  0x00001b51      0x4c7 hpl/adc/hpl_adc.o
 .debug_abbrev  0x00002018      0x2cd hpl/core/hpl_core_m0plus_base.o
 .debug_abbrev  0x000022e5      0x1cc hpl/core/hpl_init.o
 .debug_abbrev  0x000024b1      0x1c3 hpl/gclk/hpl_gclk.o
 .debug_abbrev  0x00002674      0x211 hpl/pm/hpl_pm.o
 .debug_abbrev  0x00002885      0x5b4 hpl/sercom/hpl_sercom.o
 .debug_abbrev  0x00002e39      0x20c hpl/sysctrl/hpl_sysctrl.o
 .debug_abbrev  0x00003045      0x453 hpl/tc/hpl_tc.o
 .debug_abbrev  0x00003498      0x204 main.o
 .debug_abbrev  0x0000369c      0x2a0 peripherals/dv_adc.o
 .debug_abbrev  0x0000393c      0x4d6 peripherals/dv_spi.o
 .debug_abbrev  0x00003e12      0x305 peripherals/dv_timer.o
 .debug_abbrev  0x00004117      0x1e8 stdio_redirect/gcc/read.o
 .debug_abbrev  0x000042ff      0x1e8 stdio_redirect/gcc/write.o
 .debug_abbrev  0x000044e7      0x229 stdio_redirect/stdio_io.o
 .debug_abbrev  0x00004710      0x1f7 stdio_start.o

.debug_loc      0x00000000    0x11f04
 .debug_loc     0x00000000       0x20 atmel_start.o
 .debug_loc     0x00000020       0x40 Device_Startup/startup_samd21.o
 .debug_loc     0x00000060     0x1d1e driver_init.o
 .debug_loc     0x00001d7e     0x10b3 hal/src/hal_adc_async.o
 .debug_loc     0x00002e31       0x13 hal/src/hal_atomic.o
 .debug_loc     0x00002e44       0xc3 hal/src/hal_delay.o
 .debug_loc     0x00002f07      0x7ae hal/src/hal_i2c_m_sync.o
 .debug_loc     0x000036b5      0x18a hal/src/hal_io.o
 .debug_loc     0x0000383f      0xcf8 hal/src/hal_spi_s_async.o
 .debug_loc     0x00004537      0x761 hal/src/hal_timer.o
 .debug_loc     0x00004c98      0x9b2 hal/src/hal_usart_sync.o
 .debug_loc     0x0000564a      0x271 hal/utils/src/utils_list.o
 .debug_loc     0x000058bb      0x2d1 hal/utils/src/utils_ringbuffer.o
 .debug_loc     0x00005b8c      0x13b hal/utils/src/utils_syscalls.o
 .debug_loc     0x00005cc7     0x1dff hpl/adc/hpl_adc.o
 .debug_loc     0x00007ac6      0x1f7 hpl/core/hpl_core_m0plus_base.o
 .debug_loc     0x00007cbd       0x4c hpl/core/hpl_init.o
 .debug_loc     0x00007d09       0xa3 hpl/gclk/hpl_gclk.o
 .debug_loc     0x00007dac      0x11b hpl/pm/hpl_pm.o
 .debug_loc     0x00007ec7     0x86ab hpl/sercom/hpl_sercom.o
 .debug_loc     0x00010572      0x14d hpl/sysctrl/hpl_sysctrl.o
 .debug_loc     0x000106bf      0x7eb hpl/tc/hpl_tc.o
 .debug_loc     0x00010eaa       0x20 main.o
 .debug_loc     0x00010eca       0xc3 peripherals/dv_adc.o
 .debug_loc     0x00010f8d      0xbad peripherals/dv_spi.o
 .debug_loc     0x00011b3a       0x73 peripherals/dv_timer.o
 .debug_loc     0x00011bad       0xe8 stdio_redirect/gcc/read.o
 .debug_loc     0x00011c95       0xdc stdio_redirect/gcc/write.o
 .debug_loc     0x00011d71      0x153 stdio_redirect/stdio_io.o
 .debug_loc     0x00011ec4       0x40 stdio_start.o

.debug_aranges  0x00000000      0xf98
 .debug_aranges
                0x00000000       0x20 atmel_start.o
 .debug_aranges
                0x00000020       0x28 Device_Startup/startup_samd21.o
 .debug_aranges
                0x00000048       0xa0 driver_init.o
 .debug_aranges
                0x000000e8       0xd0 hal/src/hal_adc_async.o
 .debug_aranges
                0x000001b8       0x30 hal/src/hal_atomic.o
 .debug_aranges
                0x000001e8       0x38 hal/src/hal_delay.o
 .debug_aranges
                0x00000220       0x90 hal/src/hal_i2c_m_sync.o
 .debug_aranges
                0x000002b0       0x30 hal/src/hal_io.o
 .debug_aranges
                0x000002e0       0xc0 hal/src/hal_spi_s_async.o
 .debug_aranges
                0x000003a0       0x70 hal/src/hal_timer.o
 .debug_aranges
                0x00000410       0xa8 hal/src/hal_usart_sync.o
 .debug_aranges
                0x000004b8       0x20 hal/utils/src/utils_assert.o
 .debug_aranges
                0x000004d8       0x48 hal/utils/src/utils_list.o
 .debug_aranges
                0x00000520       0x40 hal/utils/src/utils_ringbuffer.o
 .debug_aranges
                0x00000560       0x60 hal/utils/src/utils_syscalls.o
 .debug_aranges
                0x000005c0      0x1e8 hpl/adc/hpl_adc.o
 .debug_aranges
                0x000007a8       0x80 hpl/core/hpl_core_m0plus_base.o
 .debug_aranges
                0x00000828       0x20 hpl/core/hpl_init.o
 .debug_aranges
                0x00000848       0x28 hpl/gclk/hpl_gclk.o
 .debug_aranges
                0x00000870       0x30 hpl/pm/hpl_pm.o
 .debug_aranges
                0x000008a0      0x4d0 hpl/sercom/hpl_sercom.o
 .debug_aranges
                0x00000d70       0x28 hpl/sysctrl/hpl_sysctrl.o
 .debug_aranges
                0x00000d98       0x70 hpl/tc/hpl_tc.o
 .debug_aranges
                0x00000e08       0x20 main.o
 .debug_aranges
                0x00000e28       0x40 peripherals/dv_adc.o
 .debug_aranges
                0x00000e68       0x68 peripherals/dv_spi.o
 .debug_aranges
                0x00000ed0       0x28 peripherals/dv_timer.o
 .debug_aranges
                0x00000ef8       0x20 stdio_redirect/gcc/read.o
 .debug_aranges
                0x00000f18       0x20 stdio_redirect/gcc/write.o
 .debug_aranges
                0x00000f38       0x38 stdio_redirect/stdio_io.o
 .debug_aranges
                0x00000f70       0x28 stdio_start.o

.debug_ranges   0x00000000     0x1500
 .debug_ranges  0x00000000       0x10 atmel_start.o
 .debug_ranges  0x00000010       0x18 Device_Startup/startup_samd21.o
 .debug_ranges  0x00000028       0x90 driver_init.o
 .debug_ranges  0x000000b8       0xc0 hal/src/hal_adc_async.o
 .debug_ranges  0x00000178       0x20 hal/src/hal_atomic.o
 .debug_ranges  0x00000198       0x28 hal/src/hal_delay.o
 .debug_ranges  0x000001c0       0x80 hal/src/hal_i2c_m_sync.o
 .debug_ranges  0x00000240       0x20 hal/src/hal_io.o
 .debug_ranges  0x00000260       0xb0 hal/src/hal_spi_s_async.o
 .debug_ranges  0x00000310       0xa8 hal/src/hal_timer.o
 .debug_ranges  0x000003b8       0x98 hal/src/hal_usart_sync.o
 .debug_ranges  0x00000450       0x10 hal/utils/src/utils_assert.o
 .debug_ranges  0x00000460       0x58 hal/utils/src/utils_list.o
 .debug_ranges  0x000004b8       0x30 hal/utils/src/utils_ringbuffer.o
 .debug_ranges  0x000004e8       0x50 hal/utils/src/utils_syscalls.o
 .debug_ranges  0x00000538      0x1f0 hpl/adc/hpl_adc.o
 .debug_ranges  0x00000728       0x70 hpl/core/hpl_core_m0plus_base.o
 .debug_ranges  0x00000798       0x10 hpl/core/hpl_init.o
 .debug_ranges  0x000007a8       0x18 hpl/gclk/hpl_gclk.o
 .debug_ranges  0x000007c0       0x20 hpl/pm/hpl_pm.o
 .debug_ranges  0x000007e0      0xad8 hpl/sercom/hpl_sercom.o
 .debug_ranges  0x000012b8       0x30 hpl/sysctrl/hpl_sysctrl.o
 .debug_ranges  0x000012e8       0xa8 hpl/tc/hpl_tc.o
 .debug_ranges  0x00001390       0x10 main.o
 .debug_ranges  0x000013a0       0x30 peripherals/dv_adc.o
 .debug_ranges  0x000013d0       0xb8 peripherals/dv_spi.o
 .debug_ranges  0x00001488       0x18 peripherals/dv_timer.o
 .debug_ranges  0x000014a0       0x10 stdio_redirect/gcc/read.o
 .debug_ranges  0x000014b0       0x10 stdio_redirect/gcc/write.o
 .debug_ranges  0x000014c0       0x28 stdio_redirect/stdio_io.o
 .debug_ranges  0x000014e8       0x18 stdio_start.o

.debug_macro    0x00000000    0x1be54
 .debug_macro   0x00000000      0x719 atmel_start.o
 .debug_macro   0x00000719      0x89e atmel_start.o
 .debug_macro   0x00000fb7      0x16d atmel_start.o
 .debug_macro   0x00001124       0x22 atmel_start.o
 .debug_macro   0x00001146       0x87 atmel_start.o
 .debug_macro   0x000011cd       0x51 atmel_start.o
 .debug_macro   0x0000121e       0xef atmel_start.o
 .debug_macro   0x0000130d       0x6a atmel_start.o
 .debug_macro   0x00001377      0x1df atmel_start.o
 .debug_macro   0x00001556       0x22 atmel_start.o
 .debug_macro   0x00001578       0x3f atmel_start.o
 .debug_macro   0x000015b7       0x1c atmel_start.o
 .debug_macro   0x000015d3       0x22 atmel_start.o
 .debug_macro   0x000015f5       0xb5 atmel_start.o
 .debug_macro   0x000016aa      0x3ad atmel_start.o
 .debug_macro   0x00001a57      0x67e atmel_start.o
 .debug_macro   0x000020d5      0x8b1 atmel_start.o
 .debug_macro   0x00002986      0x22e atmel_start.o
 .debug_macro   0x00002bb4      0xd5c atmel_start.o
 .debug_macro   0x00003910      0x4dc atmel_start.o
 .debug_macro   0x00003dec      0x9f6 atmel_start.o
 .debug_macro   0x000047e2      0x82b atmel_start.o
 .debug_macro   0x0000500d      0x451 atmel_start.o
 .debug_macro   0x0000545e       0x5e atmel_start.o
 .debug_macro   0x000054bc      0x21c atmel_start.o
 .debug_macro   0x000056d8      0x7dd atmel_start.o
 .debug_macro   0x00005eb5       0x5e atmel_start.o
 .debug_macro   0x00005f13      0x671 atmel_start.o
 .debug_macro   0x00006584      0x3ac atmel_start.o
 .debug_macro   0x00006930      0xc76 atmel_start.o
 .debug_macro   0x000075a6     0x1092 atmel_start.o
 .debug_macro   0x00008638      0xc4a atmel_start.o
 .debug_macro   0x00009282      0x6ba atmel_start.o
 .debug_macro   0x0000993c     0x1bbb atmel_start.o
 .debug_macro   0x0000b4f7      0x340 atmel_start.o
 .debug_macro   0x0000b837       0x7c atmel_start.o
 .debug_macro   0x0000b8b3       0x7c atmel_start.o
 .debug_macro   0x0000b92f       0xa0 atmel_start.o
 .debug_macro   0x0000b9cf       0x4c atmel_start.o
 .debug_macro   0x0000ba1b       0xca atmel_start.o
 .debug_macro   0x0000bae5       0x94 atmel_start.o
 .debug_macro   0x0000bb79       0x58 atmel_start.o
 .debug_macro   0x0000bbd1      0x3bf atmel_start.o
 .debug_macro   0x0000bf90       0x82 atmel_start.o
 .debug_macro   0x0000c012      0x189 atmel_start.o
 .debug_macro   0x0000c19b       0xa0 atmel_start.o
 .debug_macro   0x0000c23b       0xb8 atmel_start.o
 .debug_macro   0x0000c2f3       0x1c atmel_start.o
 .debug_macro   0x0000c30f       0x1c atmel_start.o
 .debug_macro   0x0000c32b       0x1c atmel_start.o
 .debug_macro   0x0000c347       0x82 atmel_start.o
 .debug_macro   0x0000c3c9      0x15a atmel_start.o
 .debug_macro   0x0000c523       0xdc atmel_start.o
 .debug_macro   0x0000c5ff      0x124 atmel_start.o
 .debug_macro   0x0000c723      0x124 atmel_start.o
 .debug_macro   0x0000c847      0x124 atmel_start.o
 .debug_macro   0x0000c96b      0x124 atmel_start.o
 .debug_macro   0x0000ca8f      0x124 atmel_start.o
 .debug_macro   0x0000cbb3      0x124 atmel_start.o
 .debug_macro   0x0000ccd7      0x124 atmel_start.o
 .debug_macro   0x0000cdfb       0xe2 atmel_start.o
 .debug_macro   0x0000cedd       0xe2 atmel_start.o
 .debug_macro   0x0000cfbf       0xe2 atmel_start.o
 .debug_macro   0x0000d0a1       0xe2 atmel_start.o
 .debug_macro   0x0000d183       0xe2 atmel_start.o
 .debug_macro   0x0000d265      0x130 atmel_start.o
 .debug_macro   0x0000d395      0x106 atmel_start.o
 .debug_macro   0x0000d49b       0xfa atmel_start.o
 .debug_macro   0x0000d595      0x130 atmel_start.o
 .debug_macro   0x0000d6c5       0x40 atmel_start.o
 .debug_macro   0x0000d705      0x35a atmel_start.o
 .debug_macro   0x0000da5f     0x1913 atmel_start.o
 .debug_macro   0x0000f372       0x7b atmel_start.o
 .debug_macro   0x0000f3ed       0x10 atmel_start.o
 .debug_macro   0x0000f3fd       0x10 atmel_start.o
 .debug_macro   0x0000f40d       0x16 atmel_start.o
 .debug_macro   0x0000f423       0x16 atmel_start.o
 .debug_macro   0x0000f439       0x16 atmel_start.o
 .debug_macro   0x0000f44f       0x16 atmel_start.o
 .debug_macro   0x0000f465       0x16 atmel_start.o
 .debug_macro   0x0000f47b       0x16 atmel_start.o
 .debug_macro   0x0000f491       0x16 atmel_start.o
 .debug_macro   0x0000f4a7       0x16 atmel_start.o
 .debug_macro   0x0000f4bd       0x16 atmel_start.o
 .debug_macro   0x0000f4d3       0x16 atmel_start.o
 .debug_macro   0x0000f4e9       0x16 atmel_start.o
 .debug_macro   0x0000f4ff       0x16 atmel_start.o
 .debug_macro   0x0000f515       0x16 atmel_start.o